<?xml version="1.0" encoding="utf-8"?>
<TestRun id="fa5de59c-31ed-4db0-9081-737852ca1a69" name="Renato@SILVER 2022-02-06 11:00:14" runUser="SILVER\Renato" xmlns="http://microsoft.com/schemas/VisualStudio/TeamTest/2010">
  <Times creation="2022-02-06T11:00:14.1689006-03:00" queuing="2022-02-06T11:00:14.1689006-03:00" start="2022-02-06T11:00:10.1805170-03:00" finish="2022-02-06T11:00:14.9515634-03:00" />
  <TestSettings name="default" id="dfc3ff35-ae10-488c-8261-b2b6a8e322a5">
    <Deployment runDeploymentRoot="Renato_SILVER_2022-02-06_11_00_14" />
  </TestSettings>
  <Results>
    <UnitTestResult executionId="86f01bb9-b08f-4da0-af94-14e95072ecc1" testId="e6831888-4f6b-4810-24ff-b98bedc636d8" testName="IntegracaoContinua.Csharp.Teste.CpfTypeTest.Check_explicit_to_cpf_is_valid(input: &quot;98156047087&quot;, expected: &quot;981.560.470-87&quot;)" computerName="SILVER" duration="00:00:00.0000418" startTime="2022-02-06T11:00:14.1655456-03:00" endTime="2022-02-06T11:00:14.1655461-03:00" testType="13cdc9d9-ddb5-4fa4-a97d-d965ccfc6d4b" outcome="Passed" testListId="8c84fa94-04c1-424b-9868-57a2d4851a1d" relativeResultsDirectory="86f01bb9-b08f-4da0-af94-14e95072ecc1" />
    <UnitTestResult executionId="29219981-6f7a-4433-b1ca-a4f416a81152" testId="cfcad5c9-0a67-2c74-03c2-1cd052ff2c1c" testName="IntegracaoContinua.Csharp.Teste.CpfTypeTest.Check_convertible_success(input: &quot;1&quot;, type: typeof(short), expectedSuccess: True)" computerName="SILVER" duration="00:00:00.0001795" startTime="2022-02-06T11:00:14.0994406-03:00" endTime="2022-02-06T11:00:14.0994410-03:00" testType="13cdc9d9-ddb5-4fa4-a97d-d965ccfc6d4b" outcome="Passed" testListId="8c84fa94-04c1-424b-9868-57a2d4851a1d" relativeResultsDirectory="29219981-6f7a-4433-b1ca-a4f416a81152" />
    <UnitTestResult executionId="33e73f40-626c-4d4d-a146-48ddb4e6bb91" testId="93baddd9-dc7f-8c05-666b-f22985f3d08c" testName="IntegracaoContinua.Csharp.Teste.CpfTypeTest.Check_to_string_format_exception(input: &quot;153.179.966-35&quot;, format: &quot;text&quot;)" computerName="SILVER" duration="00:00:00.0008740" startTime="2022-02-06T11:00:14.1809617-03:00" endTime="2022-02-06T11:00:14.1809621-03:00" testType="13cdc9d9-ddb5-4fa4-a97d-d965ccfc6d4b" outcome="Passed" testListId="8c84fa94-04c1-424b-9868-57a2d4851a1d" relativeResultsDirectory="33e73f40-626c-4d4d-a146-48ddb4e6bb91" />
    <UnitTestResult executionId="86cf45d4-4cff-40e6-bcb9-4ee039ca64ab" testId="65a7b585-fe82-bfec-0595-1aed342f7c92" testName="IntegracaoContinua.Csharp.Teste.CpfTypeTest.Check_format_is_invalid(input: null)" computerName="SILVER" duration="00:00:00.0000170" startTime="2022-02-06T11:00:14.1507843-03:00" endTime="2022-02-06T11:00:14.1507847-03:00" testType="13cdc9d9-ddb5-4fa4-a97d-d965ccfc6d4b" outcome="Passed" testListId="8c84fa94-04c1-424b-9868-57a2d4851a1d" relativeResultsDirectory="86cf45d4-4cff-40e6-bcb9-4ee039ca64ab" />
    <UnitTestResult executionId="4df0fcef-6100-4788-8bb9-3ee3396eca38" testId="f25f0a55-0634-cd57-2be2-cdce662772d0" testName="IntegracaoContinua.Csharp.Teste.CpfTypeTest.Check_format_is_invalid(input: &quot;000.000.000-12&quot;)" computerName="SILVER" duration="00:00:00.0000581" startTime="2022-02-06T11:00:14.1502185-03:00" endTime="2022-02-06T11:00:14.1502190-03:00" testType="13cdc9d9-ddb5-4fa4-a97d-d965ccfc6d4b" outcome="Passed" testListId="8c84fa94-04c1-424b-9868-57a2d4851a1d" relativeResultsDirectory="4df0fcef-6100-4788-8bb9-3ee3396eca38" />
    <UnitTestResult executionId="6eaa1dfa-f299-47f2-8785-4b721f54900c" testId="47d016a8-118f-0df5-d994-02b9de3b8170" testName="IntegracaoContinua.Csharp.Teste.CpfTypeTest.Compare_get_hash_code(input: &quot;153.179.966-35&quot;, compare: &quot;15317996635&quot;, expected: True)" computerName="SILVER" duration="00:00:00.0000743" startTime="2022-02-06T11:00:14.1567034-03:00" endTime="2022-02-06T11:00:14.1567039-03:00" testType="13cdc9d9-ddb5-4fa4-a97d-d965ccfc6d4b" outcome="Passed" testListId="8c84fa94-04c1-424b-9868-57a2d4851a1d" relativeResultsDirectory="6eaa1dfa-f299-47f2-8785-4b721f54900c" />
    <UnitTestResult executionId="aa719666-d90e-4458-85bd-2b2bf397c438" testId="b4ac4f98-103f-e7e7-382b-8f1aa9065d9a" testName="IntegracaoContinua.Csharp.Teste.CpfTypeTest.Check_parse_invalid(input: &quot;any text&quot;)" computerName="SILVER" duration="00:00:00.0000897" startTime="2022-02-06T11:00:14.1686885-03:00" endTime="2022-02-06T11:00:14.1686889-03:00" testType="13cdc9d9-ddb5-4fa4-a97d-d965ccfc6d4b" outcome="Passed" testListId="8c84fa94-04c1-424b-9868-57a2d4851a1d" relativeResultsDirectory="aa719666-d90e-4458-85bd-2b2bf397c438" />
    <UnitTestResult executionId="31ba2057-86ba-48a5-b48f-f594f5f57a79" testId="6e805e5d-c669-0d1a-1eb7-41c8aa91858b" testName="IntegracaoContinua.Csharp.Teste.CpfTypeTest.Check_to_string_format(input: &quot;153.179.966-35&quot;, format: &quot;n&quot;, expected: &quot;15317996635&quot;)" computerName="SILVER" duration="00:00:00.0000427" startTime="2022-02-06T11:00:14.1610557-03:00" endTime="2022-02-06T11:00:14.1610561-03:00" testType="13cdc9d9-ddb5-4fa4-a97d-d965ccfc6d4b" outcome="Passed" testListId="8c84fa94-04c1-424b-9868-57a2d4851a1d" relativeResultsDirectory="31ba2057-86ba-48a5-b48f-f594f5f57a79" />
    <UnitTestResult executionId="c19212d5-6f9f-49b8-a7e3-11747528e614" testId="b106aa5d-b9ab-7d9b-e8f6-923e510c9a36" testName="IntegracaoContinua.Csharp.Teste.CpfTypeTest.Check_convertible_success(input: &quot;1&quot;, type: typeof(sbyte), expectedSuccess: True)" computerName="SILVER" duration="00:00:00.0000127" startTime="2022-02-06T11:00:14.1109830-03:00" endTime="2022-02-06T11:00:14.1109834-03:00" testType="13cdc9d9-ddb5-4fa4-a97d-d965ccfc6d4b" outcome="Passed" testListId="8c84fa94-04c1-424b-9868-57a2d4851a1d" relativeResultsDirectory="c19212d5-6f9f-49b8-a7e3-11747528e614" />
    <UnitTestResult executionId="af52f5f0-c30e-4a0d-bf9c-fce74bed1f00" testId="550cd95a-312c-c0d5-e8d9-bba046469958" testName="IntegracaoContinua.Csharp.Teste.CpfTypeTest.Compare_get_hash_code(input: &quot;153.179.966-35&quot;, compare: &quot;153.179.966-35&quot;, expected: True)" computerName="SILVER" duration="00:00:00.0001060" startTime="2022-02-06T11:00:14.1555342-03:00" endTime="2022-02-06T11:00:14.1555347-03:00" testType="13cdc9d9-ddb5-4fa4-a97d-d965ccfc6d4b" outcome="Passed" testListId="8c84fa94-04c1-424b-9868-57a2d4851a1d" relativeResultsDirectory="af52f5f0-c30e-4a0d-bf9c-fce74bed1f00" />
    <UnitTestResult executionId="8d25d886-dd89-47f9-b2e7-36ff3fe8eaea" testId="d017d951-8639-89ec-ae2d-4449522422cc" testName="IntegracaoContinua.Csharp.Teste.CpfTypeTest.Check_convertible_success(input: &quot;153.179.966-35&quot;, type: typeof(System.DateTime), expectedSuccess: False)" computerName="SILVER" duration="00:00:00.0015382" startTime="2022-02-06T11:00:14.1033549-03:00" endTime="2022-02-06T11:00:14.1033562-03:00" testType="13cdc9d9-ddb5-4fa4-a97d-d965ccfc6d4b" outcome="Passed" testListId="8c84fa94-04c1-424b-9868-57a2d4851a1d" relativeResultsDirectory="8d25d886-dd89-47f9-b2e7-36ff3fe8eaea" />
    <UnitTestResult executionId="d6518309-f4d1-4f01-8821-10338d39deff" testId="80ff36be-0621-86a3-455f-8777eb513f7e" testName="IntegracaoContinua.Csharp.Teste.CpfTypeTest.Check_parse_valid(input: &quot;15317996635&quot;)" computerName="SILVER" duration="00:00:00.0000440" startTime="2022-02-06T11:00:14.1669052-03:00" endTime="2022-02-06T11:00:14.1669056-03:00" testType="13cdc9d9-ddb5-4fa4-a97d-d965ccfc6d4b" outcome="Passed" testListId="8c84fa94-04c1-424b-9868-57a2d4851a1d" relativeResultsDirectory="d6518309-f4d1-4f01-8821-10338d39deff" />
    <UnitTestResult executionId="58068076-f5a5-4ffb-a14a-8c4546c6d7f7" testId="b59230ca-d7ab-6502-ac78-73017c2a2478" testName="IntegracaoContinua.Csharp.Teste.CpfTypeTest.Check_convertible_success(input: &quot;153.179.966-35&quot;, type: typeof(int), expectedSuccess: False)" computerName="SILVER" duration="00:00:00.0002873" startTime="2022-02-06T11:00:14.1121779-03:00" endTime="2022-02-06T11:00:14.1121783-03:00" testType="13cdc9d9-ddb5-4fa4-a97d-d965ccfc6d4b" outcome="Passed" testListId="8c84fa94-04c1-424b-9868-57a2d4851a1d" relativeResultsDirectory="58068076-f5a5-4ffb-a14a-8c4546c6d7f7" />
    <UnitTestResult executionId="60d2feff-23fe-4b53-be4f-aad188cda46f" testId="8aa586a2-32b5-d3c2-02b4-460dfa7234aa" testName="IntegracaoContinua.Csharp.Teste.CpfTypeTest.Check_convertible_success(input: &quot;true&quot;, type: typeof(bool), expectedSuccess: True)" computerName="SILVER" duration="00:00:00.0001752" startTime="2022-02-06T11:00:14.0973477-03:00" endTime="2022-02-06T11:00:14.0973481-03:00" testType="13cdc9d9-ddb5-4fa4-a97d-d965ccfc6d4b" outcome="Passed" testListId="8c84fa94-04c1-424b-9868-57a2d4851a1d" relativeResultsDirectory="60d2feff-23fe-4b53-be4f-aad188cda46f" />
    <UnitTestResult executionId="fea50262-6457-424e-bde1-fc6d3d07d6e2" testId="5800e208-4b85-943b-a8f8-d2c6f70795e1" testName="IntegracaoContinua.Csharp.Teste.CpfTypeTest.Compare_greater_than(input: &quot;253.179.966-35&quot;, compare: &quot;153.179.966-35&quot;, expected: True)" computerName="SILVER" duration="00:00:00.0000769" startTime="2022-02-06T11:00:14.1633864-03:00" endTime="2022-02-06T11:00:14.1633868-03:00" testType="13cdc9d9-ddb5-4fa4-a97d-d965ccfc6d4b" outcome="Passed" testListId="8c84fa94-04c1-424b-9868-57a2d4851a1d" relativeResultsDirectory="fea50262-6457-424e-bde1-fc6d3d07d6e2" />
    <UnitTestResult executionId="697ca3c3-625d-43a2-824f-dcfd2abaaf64" testId="cbb28ff7-30ad-9e92-a43b-b7999f1bb4cd" testName="IntegracaoContinua.Csharp.Teste.CpfTypeTest.Check_parse_valid(input: &quot;153.179.966-35&quot;)" computerName="SILVER" duration="00:00:00.0007136" startTime="2022-02-06T11:00:14.1662877-03:00" endTime="2022-02-06T11:00:14.1662881-03:00" testType="13cdc9d9-ddb5-4fa4-a97d-d965ccfc6d4b" outcome="Passed" testListId="8c84fa94-04c1-424b-9868-57a2d4851a1d" relativeResultsDirectory="697ca3c3-625d-43a2-824f-dcfd2abaaf64" />
    <UnitTestResult executionId="9f33820e-6c3f-4bc5-894d-ceb538d998bc" testId="e9e55742-bd70-e2ce-7c70-2ee6a979b1c5" testName="IntegracaoContinua.Csharp.Teste.CpfTypeTest.Check_convertible_success(input: &quot;1&quot;, type: typeof(long), expectedSuccess: True)" computerName="SILVER" duration="00:00:00.0000080" startTime="2022-02-06T11:00:14.1168961-03:00" endTime="2022-02-06T11:00:14.1168965-03:00" testType="13cdc9d9-ddb5-4fa4-a97d-d965ccfc6d4b" outcome="Passed" testListId="8c84fa94-04c1-424b-9868-57a2d4851a1d" relativeResultsDirectory="9f33820e-6c3f-4bc5-894d-ceb538d998bc" />
    <UnitTestResult executionId="59b0e405-af79-4a2a-b38e-71b616e9f422" testId="38c9c92b-f1f7-4dae-3546-993b732bf406" testName="IntegracaoContinua.Csharp.Teste.CpfTypeTest.Check_format_is_invalid(input: &quot;153.179.966-00&quot;)" computerName="SILVER" duration="00:00:00.0000624" startTime="2022-02-06T11:00:14.1454604-03:00" endTime="2022-02-06T11:00:14.1454617-03:00" testType="13cdc9d9-ddb5-4fa4-a97d-d965ccfc6d4b" outcome="Passed" testListId="8c84fa94-04c1-424b-9868-57a2d4851a1d" relativeResultsDirectory="59b0e405-af79-4a2a-b38e-71b616e9f422" />
    <UnitTestResult executionId="09c43d1a-1074-4486-9ebb-8812dd7c40b4" testId="8f32738c-6023-4986-f654-1a2473c6ba8b" testName="IntegracaoContinua.Csharp.Teste.CpfTypeTest.Check_convertible_success(input: &quot;1&quot;, type: typeof(decimal), expectedSuccess: True)" computerName="SILVER" duration="00:00:00.0002030" startTime="2022-02-06T11:00:14.0204504-03:00" endTime="2022-02-06T11:00:14.0204508-03:00" testType="13cdc9d9-ddb5-4fa4-a97d-d965ccfc6d4b" outcome="Passed" testListId="8c84fa94-04c1-424b-9868-57a2d4851a1d" relativeResultsDirectory="09c43d1a-1074-4486-9ebb-8812dd7c40b4" />
    <UnitTestResult executionId="5d564d58-a924-47fa-98da-b5d768bab43b" testId="0b07877f-2137-afec-ea48-d601488cbe87" testName="IntegracaoContinua.Csharp.Teste.CpfTypeTest.Check_convertible_success(input: &quot;1&quot;, type: typeof(float), expectedSuccess: True)" computerName="SILVER" duration="00:00:00.0215519" startTime="2022-02-06T11:00:13.9961754-03:00" endTime="2022-02-06T11:00:13.9962823-03:00" testType="13cdc9d9-ddb5-4fa4-a97d-d965ccfc6d4b" outcome="Passed" testListId="8c84fa94-04c1-424b-9868-57a2d4851a1d" relativeResultsDirectory="5d564d58-a924-47fa-98da-b5d768bab43b" />
    <UnitTestResult executionId="8ab6643d-bd63-432c-9355-c848b6ea61f6" testId="4f400496-4920-19e0-c571-9f06211b86ed" testName="IntegracaoContinua.Csharp.Teste.CpfTypeTest.Check_convertible_success(input: &quot;153.179.966-35&quot;, type: typeof(long), expectedSuccess: False)" computerName="SILVER" duration="00:00:00.0003382" startTime="2022-02-06T11:00:14.1007227-03:00" endTime="2022-02-06T11:00:14.1007231-03:00" testType="13cdc9d9-ddb5-4fa4-a97d-d965ccfc6d4b" outcome="Passed" testListId="8c84fa94-04c1-424b-9868-57a2d4851a1d" relativeResultsDirectory="8ab6643d-bd63-432c-9355-c848b6ea61f6" />
    <UnitTestResult executionId="d1f4f004-479f-4feb-9001-f3151721b0cc" testId="926b5bb0-5edd-5725-f455-452b68791b37" testName="IntegracaoContinua.Csharp.Teste.CpfTypeTest.Check_convertible_success(input: &quot;2021-01-01&quot;, type: typeof(System.DateTime), expectedSuccess: False)" computerName="SILVER" duration="00:00:00.0050201" startTime="2022-02-06T11:00:14.1305798-03:00" endTime="2022-02-06T11:00:14.1305802-03:00" testType="13cdc9d9-ddb5-4fa4-a97d-d965ccfc6d4b" outcome="Failed" testListId="8c84fa94-04c1-424b-9868-57a2d4851a1d" relativeResultsDirectory="d1f4f004-479f-4feb-9001-f3151721b0cc">
      <Output>
        <ErrorInfo>
          <Message>Assert.Throws() Failure&#xD;
Expected: typeof(System.FormatException)&#xD;
Actual:   (No exception was thrown)</Message>
          <StackTrace>   at IntegracaoContinua.Csharp.Teste.CpfTypeTest.Check_convertible_success(String input, Type type, Boolean expectedSuccess) in C:\Projetos\IntegracaoContinua.Csharp\test\CpfTypeTest.cs:line 201</StackTrace>
        </ErrorInfo>
      </Output>
    </UnitTestResult>
    <UnitTestResult executionId="27a7bc68-cb4c-4226-93fd-7adf6fca5fb7" testId="7b09966f-6e62-7d86-db09-c82754960e89" testName="IntegracaoContinua.Csharp.Teste.CpfTypeTest.Check_convertible_success(input: &quot;153.179.966-35&quot;, type: typeof(short), expectedSuccess: False)" computerName="SILVER" duration="00:00:00.0001505" startTime="2022-02-06T11:00:14.1089362-03:00" endTime="2022-02-06T11:00:14.1089370-03:00" testType="13cdc9d9-ddb5-4fa4-a97d-d965ccfc6d4b" outcome="Passed" testListId="8c84fa94-04c1-424b-9868-57a2d4851a1d" relativeResultsDirectory="27a7bc68-cb4c-4226-93fd-7adf6fca5fb7" />
    <UnitTestResult executionId="01ab3721-ef7e-44fb-b59b-9fe48cc0af3e" testId="2586f983-57ad-e9a5-81d5-5040f3bd4f22" testName="IntegracaoContinua.Csharp.Teste.CpfTypeTest.Check_convertible_success(input: &quot;153.179.966-35&quot;, type: typeof(string), expectedSuccess: True)" computerName="SILVER" duration="00:00:00.0001722" startTime="2022-02-06T11:00:14.0187093-03:00" endTime="2022-02-06T11:00:14.0187097-03:00" testType="13cdc9d9-ddb5-4fa4-a97d-d965ccfc6d4b" outcome="Passed" testListId="8c84fa94-04c1-424b-9868-57a2d4851a1d" relativeResultsDirectory="01ab3721-ef7e-44fb-b59b-9fe48cc0af3e" />
    <UnitTestResult executionId="607ccdf0-e258-4198-9196-a8feda2d610b" testId="d3b790c0-acfb-a19d-e52b-ca519d71edce" testName="IntegracaoContinua.Csharp.Teste.CpfTypeTest.Check_convertible_success(input: &quot;1&quot;, type: typeof(ulong), expectedSuccess: True)" computerName="SILVER" duration="00:00:00.0002065" startTime="2022-02-06T11:00:14.0981927-03:00" endTime="2022-02-06T11:00:14.0981931-03:00" testType="13cdc9d9-ddb5-4fa4-a97d-d965ccfc6d4b" outcome="Passed" testListId="8c84fa94-04c1-424b-9868-57a2d4851a1d" relativeResultsDirectory="607ccdf0-e258-4198-9196-a8feda2d610b" />
    <UnitTestResult executionId="366899dc-2640-44bf-8b1f-1654f727f8e2" testId="c0fbd791-0694-2019-d703-69834b89e84a" testName="IntegracaoContinua.Csharp.Teste.CpfTypeTest.Compare_get_hash_code(input: &quot;153.179.966-35&quot;, compare: &quot;183.132.538-19&quot;, expected: False)" computerName="SILVER" duration="00:00:00.0000952" startTime="2022-02-06T11:00:14.1584769-03:00" endTime="2022-02-06T11:00:14.1584773-03:00" testType="13cdc9d9-ddb5-4fa4-a97d-d965ccfc6d4b" outcome="Passed" testListId="8c84fa94-04c1-424b-9868-57a2d4851a1d" relativeResultsDirectory="366899dc-2640-44bf-8b1f-1654f727f8e2" />
    <UnitTestResult executionId="fe178b4b-db87-41e1-a543-ac8eca42fc91" testId="499a03fe-efeb-3219-17f1-5b9f42812898" testName="IntegracaoContinua.Csharp.Teste.CpfTypeTest.Check_convertible_success(input: &quot;1&quot;, type: typeof(int), expectedSuccess: True)" computerName="SILVER" duration="00:00:00.0000072" startTime="2022-02-06T11:00:14.1163068-03:00" endTime="2022-02-06T11:00:14.1163077-03:00" testType="13cdc9d9-ddb5-4fa4-a97d-d965ccfc6d4b" outcome="Passed" testListId="8c84fa94-04c1-424b-9868-57a2d4851a1d" relativeResultsDirectory="fe178b4b-db87-41e1-a543-ac8eca42fc91" />
    <UnitTestResult executionId="3ef63f9b-5f92-4c37-9dd2-3ef25489ceb0" testId="6a3de626-b641-6d4b-9d21-9d69e4b855ab" testName="IntegracaoContinua.Csharp.Teste.CpfTypeTest.Check_explicit_to_string_is_valid(input: &quot;98156047087&quot;, expected: &quot;981.560.470-87&quot;)" computerName="SILVER" duration="00:00:00.0016135" startTime="2022-02-06T11:00:14.1321198-03:00" endTime="2022-02-06T11:00:14.1321206-03:00" testType="13cdc9d9-ddb5-4fa4-a97d-d965ccfc6d4b" outcome="Passed" testListId="8c84fa94-04c1-424b-9868-57a2d4851a1d" relativeResultsDirectory="3ef63f9b-5f92-4c37-9dd2-3ef25489ceb0" />
    <UnitTestResult executionId="8afa71e1-d5cd-4688-bda9-80390d029b6e" testId="e9aaeea9-a0d6-6af5-5b63-64eb69f1f023" testName="IntegracaoContinua.Csharp.Teste.CpfTypeTest.Check_parse_invalid(input: &quot;981.560.470-00&quot;)" computerName="SILVER" duration="00:00:00.0034168" startTime="2022-02-06T11:00:14.1675146-03:00" endTime="2022-02-06T11:00:14.1675146-03:00" testType="13cdc9d9-ddb5-4fa4-a97d-d965ccfc6d4b" outcome="Passed" testListId="8c84fa94-04c1-424b-9868-57a2d4851a1d" relativeResultsDirectory="8afa71e1-d5cd-4688-bda9-80390d029b6e" />
    <UnitTestResult executionId="83a32ea8-fe39-414e-b5c7-1c93698b29a8" testId="0c93023a-f932-9f7b-ab01-4734b2538b51" testName="IntegracaoContinua.Csharp.Teste.CpfTypeTest.Check_format_is_invalid(input: &quot;15317996600&quot;)" computerName="SILVER" duration="00:00:00.0003724" startTime="2022-02-06T11:00:14.1421312-03:00" endTime="2022-02-06T11:00:14.1421320-03:00" testType="13cdc9d9-ddb5-4fa4-a97d-d965ccfc6d4b" outcome="Passed" testListId="8c84fa94-04c1-424b-9868-57a2d4851a1d" relativeResultsDirectory="83a32ea8-fe39-414e-b5c7-1c93698b29a8" />
    <UnitTestResult executionId="6f971124-944e-43fd-8184-eea51e596483" testId="a1e34be3-2daf-e74c-20e6-b13becab2fd3" testName="IntegracaoContinua.Csharp.Teste.CpfTypeTest.Check_convertible_success(input: &quot;n&quot;, type: typeof(char), expectedSuccess: True)" computerName="SILVER" duration="00:00:00.0000132" startTime="2022-02-06T11:00:14.1099566-03:00" endTime="2022-02-06T11:00:14.1099570-03:00" testType="13cdc9d9-ddb5-4fa4-a97d-d965ccfc6d4b" outcome="Passed" testListId="8c84fa94-04c1-424b-9868-57a2d4851a1d" relativeResultsDirectory="6f971124-944e-43fd-8184-eea51e596483" />
    <UnitTestResult executionId="1e10b710-fc5d-40db-9780-4adb873fdcb3" testId="fb266118-a6a6-1821-44ce-04c60b9b9502" testName="IntegracaoContinua.Csharp.Teste.CpfTypeTest.Check_convertible_success(input: &quot;1&quot;, type: typeof(double), expectedSuccess: True)" computerName="SILVER" duration="00:00:00.0001739" startTime="2022-02-06T11:00:14.0192460-03:00" endTime="2022-02-06T11:00:14.0192465-03:00" testType="13cdc9d9-ddb5-4fa4-a97d-d965ccfc6d4b" outcome="Passed" testListId="8c84fa94-04c1-424b-9868-57a2d4851a1d" relativeResultsDirectory="1e10b710-fc5d-40db-9780-4adb873fdcb3" />
    <UnitTestResult executionId="4af95aec-df6e-438b-a0d7-fc4a2907ea62" testId="95306fed-f98b-3a3b-be18-20e77308617b" testName="IntegracaoContinua.Csharp.Teste.CpfTypeTest.Check_generate_is_valid" computerName="SILVER" duration="00:00:00.0009266" startTime="2022-02-06T11:00:14.1699068-03:00" endTime="2022-02-06T11:00:14.1699073-03:00" testType="13cdc9d9-ddb5-4fa4-a97d-d965ccfc6d4b" outcome="Passed" testListId="8c84fa94-04c1-424b-9868-57a2d4851a1d" relativeResultsDirectory="4af95aec-df6e-438b-a0d7-fc4a2907ea62" />
    <UnitTestResult executionId="87c7dcbd-6b05-4ad6-9f33-4c0f476d2ae9" testId="1e6f0f84-6399-96a3-9daf-47d77d592e92" testName="IntegracaoContinua.Csharp.Teste.CpfTypeTest.Check_convertible_success(input: &quot;any value&quot;, type: typeof(string), expectedSuccess: True)" computerName="SILVER" duration="00:00:00.0000174" startTime="2022-02-06T11:00:14.0216251-03:00" endTime="2022-02-06T11:00:14.0216251-03:00" testType="13cdc9d9-ddb5-4fa4-a97d-d965ccfc6d4b" outcome="Passed" testListId="8c84fa94-04c1-424b-9868-57a2d4851a1d" relativeResultsDirectory="87c7dcbd-6b05-4ad6-9f33-4c0f476d2ae9" />
    <UnitTestResult executionId="07b67a79-ceb4-4e17-8bd4-4d1bb941c17f" testId="5818ecf5-758d-efc6-b2a8-6bd01a493e97" testName="IntegracaoContinua.Csharp.Teste.CpfTypeTest.Check_parse_invalid(input: null)" computerName="SILVER" duration="00:00:00.0003222" startTime="2022-02-06T11:00:14.1692992-03:00" endTime="2022-02-06T11:00:14.1692992-03:00" testType="13cdc9d9-ddb5-4fa4-a97d-d965ccfc6d4b" outcome="Passed" testListId="8c84fa94-04c1-424b-9868-57a2d4851a1d" relativeResultsDirectory="07b67a79-ceb4-4e17-8bd4-4d1bb941c17f" />
    <UnitTestResult executionId="e4cffb36-0fcc-4097-9d17-1d69ffbf3768" testId="f916675e-bb1f-4f05-96ae-80efc4782dbd" testName="IntegracaoContinua.Csharp.Teste.CpfTypeTest.Check_to_string_format(input: &quot;153.179.966-35&quot;, format: &quot;&quot;, expected: &quot;153.179.966-35&quot;)" computerName="SILVER" duration="00:00:00.0002270" startTime="2022-02-06T11:00:14.1604232-03:00" endTime="2022-02-06T11:00:14.1604236-03:00" testType="13cdc9d9-ddb5-4fa4-a97d-d965ccfc6d4b" outcome="Passed" testListId="8c84fa94-04c1-424b-9868-57a2d4851a1d" relativeResultsDirectory="e4cffb36-0fcc-4097-9d17-1d69ffbf3768" />
    <UnitTestResult executionId="0551a2d7-3fa5-4b24-b7c1-5505353136b5" testId="73e8ded6-760c-b2ce-d9ed-ab5a6071b38a" testName="IntegracaoContinua.Csharp.Teste.CpfTypeTest.Check_explicit_to_string_is_valid(input: &quot;981.560.470-87&quot;, expected: &quot;981.560.470-87&quot;)" computerName="SILVER" duration="00:00:00.0000452" startTime="2022-02-06T11:00:14.1330328-03:00" endTime="2022-02-06T11:00:14.1330332-03:00" testType="13cdc9d9-ddb5-4fa4-a97d-d965ccfc6d4b" outcome="Passed" testListId="8c84fa94-04c1-424b-9868-57a2d4851a1d" relativeResultsDirectory="0551a2d7-3fa5-4b24-b7c1-5505353136b5" />
    <UnitTestResult executionId="17ba8232-ac7e-46eb-b702-c011ae319055" testId="fec4200d-6af2-5672-a046-f5feb638aece" testName="IntegracaoContinua.Csharp.Teste.CpfTypeTest.Compare_greater_than_as_object" computerName="SILVER" duration="00:00:00.0046588" startTime="2022-02-06T11:00:14.1782854-03:00" endTime="2022-02-06T11:00:14.1782871-03:00" testType="13cdc9d9-ddb5-4fa4-a97d-d965ccfc6d4b" outcome="Passed" testListId="8c84fa94-04c1-424b-9868-57a2d4851a1d" relativeResultsDirectory="17ba8232-ac7e-46eb-b702-c011ae319055" />
    <UnitTestResult executionId="5e8849dd-9070-412f-a7cd-2ec91d835a59" testId="861a048f-4cda-b2f6-7665-31b8bc9da3b7" testName="IntegracaoContinua.Csharp.Teste.CpfTypeTest.Check_convertible_success(input: &quot;153.179.966-35&quot;, type: typeof(ushort), expectedSuccess: False)" computerName="SILVER" duration="00:00:00.0002723" startTime="2022-02-06T11:00:14.1115740-03:00" endTime="2022-02-06T11:00:14.1115744-03:00" testType="13cdc9d9-ddb5-4fa4-a97d-d965ccfc6d4b" outcome="Passed" testListId="8c84fa94-04c1-424b-9868-57a2d4851a1d" relativeResultsDirectory="5e8849dd-9070-412f-a7cd-2ec91d835a59" />
    <UnitTestResult executionId="31302ecf-d592-4c9f-b519-c817163ce71e" testId="e9c1193a-1a50-e393-d749-56dcf2eecb61" testName="IntegracaoContinua.Csharp.Teste.CpfTypeTest.Check_convertible_success(input: &quot;153.179.966-35&quot;, type: typeof(char), expectedSuccess: False)" computerName="SILVER" duration="00:00:00.0003946" startTime="2022-02-06T11:00:14.0210516-03:00" endTime="2022-02-06T11:00:14.0210520-03:00" testType="13cdc9d9-ddb5-4fa4-a97d-d965ccfc6d4b" outcome="Passed" testListId="8c84fa94-04c1-424b-9868-57a2d4851a1d" relativeResultsDirectory="31302ecf-d592-4c9f-b519-c817163ce71e" />
    <UnitTestResult executionId="c0e527d4-988b-4096-aa22-a0f0bcecfde9" testId="fe79c662-5455-f60d-ae08-8cddace1d399" testName="IntegracaoContinua.Csharp.Teste.CpfTypeTest.Compare_get_hash_code(input: &quot;153.179.966-35&quot;, compare: &quot;any value&quot;, expected: False)" computerName="SILVER" duration="00:00:00.0006200" startTime="2022-02-06T11:00:14.1546079-03:00" endTime="2022-02-06T11:00:14.1546088-03:00" testType="13cdc9d9-ddb5-4fa4-a97d-d965ccfc6d4b" outcome="Passed" testListId="8c84fa94-04c1-424b-9868-57a2d4851a1d" relativeResultsDirectory="c0e527d4-988b-4096-aa22-a0f0bcecfde9" />
    <UnitTestResult executionId="39d506d4-324e-492b-ad73-fbf18fb20fcc" testId="523d7517-e5e7-6407-1b9a-e23331f8c6de" testName="IntegracaoContinua.Csharp.Teste.CpfTypeTest.Check_convertible_success(input: &quot;1&quot;, type: typeof(uint), expectedSuccess: True)" computerName="SILVER" duration="00:00:00.0000110" startTime="2022-02-06T11:00:14.1139565-03:00" endTime="2022-02-06T11:00:14.1139569-03:00" testType="13cdc9d9-ddb5-4fa4-a97d-d965ccfc6d4b" outcome="Passed" testListId="8c84fa94-04c1-424b-9868-57a2d4851a1d" relativeResultsDirectory="39d506d4-324e-492b-ad73-fbf18fb20fcc" />
    <UnitTestResult executionId="d39ac75e-476f-4beb-a0c0-a42585f78fa4" testId="620d9562-67eb-dd75-d5f2-5be915c7fca6" testName="IntegracaoContinua.Csharp.Teste.CpfTypeTest.Compare_equal(input: &quot;153.179.966-35&quot;, compare: &quot;183.132.538-19&quot;, expected: False)" computerName="SILVER" duration="00:00:00.0001423" startTime="2022-02-06T11:00:14.1348495-03:00" endTime="2022-02-06T11:00:14.1348500-03:00" testType="13cdc9d9-ddb5-4fa4-a97d-d965ccfc6d4b" outcome="Passed" testListId="8c84fa94-04c1-424b-9868-57a2d4851a1d" relativeResultsDirectory="d39ac75e-476f-4beb-a0c0-a42585f78fa4" />
    <UnitTestResult executionId="e517ea92-7b51-4b71-9a91-e8b89ccc603b" testId="56ab685c-2120-2411-94cd-8398976bddc8" testName="IntegracaoContinua.Csharp.Teste.CpfTypeTest.Check_convertible_success(input: &quot;153.179.966-35&quot;, type: typeof(byte), expectedSuccess: False)" computerName="SILVER" duration="00:00:00.0085470" startTime="2022-02-06T11:00:14.0174435-03:00" endTime="2022-02-06T11:00:14.0174444-03:00" testType="13cdc9d9-ddb5-4fa4-a97d-d965ccfc6d4b" outcome="Passed" testListId="8c84fa94-04c1-424b-9868-57a2d4851a1d" relativeResultsDirectory="e517ea92-7b51-4b71-9a91-e8b89ccc603b" />
    <UnitTestResult executionId="5343bf01-e34a-4174-a97d-0603845edf42" testId="ce1785ab-4ad5-d1fd-d16d-39081a04afc9" testName="IntegracaoContinua.Csharp.Teste.CpfTypeTest.Compare_equal(input: &quot;153.179.966-35&quot;, compare: &quot;any value&quot;, expected: False)" computerName="SILVER" duration="00:00:00.0060530" startTime="2022-02-06T11:00:14.1338304-03:00" endTime="2022-02-06T11:00:14.1338309-03:00" testType="13cdc9d9-ddb5-4fa4-a97d-d965ccfc6d4b" outcome="Passed" testListId="8c84fa94-04c1-424b-9868-57a2d4851a1d" relativeResultsDirectory="5343bf01-e34a-4174-a97d-0603845edf42" />
    <UnitTestResult executionId="c8ffb4fb-b27d-4299-920e-ecb12908177f" testId="ca59c394-1e48-9eab-9c1e-7c5e13640bfa" testName="IntegracaoContinua.Csharp.Teste.CpfTypeTest.Compare_greater_than(input: &quot;153.179.966-35&quot;, compare: &quot;253.179.966-35&quot;, expected: False)" computerName="SILVER" duration="00:00:00.0007919" startTime="2022-02-06T11:00:14.1628535-03:00" endTime="2022-02-06T11:00:14.1628535-03:00" testType="13cdc9d9-ddb5-4fa4-a97d-d965ccfc6d4b" outcome="Passed" testListId="8c84fa94-04c1-424b-9868-57a2d4851a1d" relativeResultsDirectory="c8ffb4fb-b27d-4299-920e-ecb12908177f" />
    <UnitTestResult executionId="d7575456-e4a6-4e1e-8c28-5f19098ea3c8" testId="ee434496-4a0b-2200-5f87-c158ed8cc6e4" testName="IntegracaoContinua.Csharp.Teste.CpfTypeTest.Check_convertible_success(input: &quot;153.179.966-35&quot;, type: typeof(ulong), expectedSuccess: False)" computerName="SILVER" duration="00:00:00.0001736" startTime="2022-02-06T11:00:14.1040319-03:00" endTime="2022-02-06T11:00:14.1040323-03:00" testType="13cdc9d9-ddb5-4fa4-a97d-d965ccfc6d4b" outcome="Passed" testListId="8c84fa94-04c1-424b-9868-57a2d4851a1d" relativeResultsDirectory="d7575456-e4a6-4e1e-8c28-5f19098ea3c8" />
    <UnitTestResult executionId="9f91716d-aebb-48fb-b542-03f7d1026cb1" testId="968fabc5-43f5-7941-5146-c0839ab6f359" testName="IntegracaoContinua.Csharp.Teste.CpfTypeTest.Compare_equal(input: &quot;153.179.966-35&quot;, compare: &quot;15317996635&quot;, expected: True)" computerName="SILVER" duration="00:00:00.0000893" startTime="2022-02-06T11:00:14.1371575-03:00" endTime="2022-02-06T11:00:14.1371579-03:00" testType="13cdc9d9-ddb5-4fa4-a97d-d965ccfc6d4b" outcome="Passed" testListId="8c84fa94-04c1-424b-9868-57a2d4851a1d" relativeResultsDirectory="9f91716d-aebb-48fb-b542-03f7d1026cb1" />
    <UnitTestResult executionId="c18ba9b2-4996-45cd-963d-496a93c11119" testId="d56b46ba-16d4-8ae7-a5db-b0b4409e184d" testName="IntegracaoContinua.Csharp.Teste.CpfTypeTest.Check_format_is_valid(input: &quot;153.179.966-35&quot;, expected: &quot;153.179.966-35&quot;)" computerName="SILVER" duration="00:00:00.0000392" startTime="2022-02-06T11:00:14.1597680-03:00" endTime="2022-02-06T11:00:14.1597684-03:00" testType="13cdc9d9-ddb5-4fa4-a97d-d965ccfc6d4b" outcome="Passed" testListId="8c84fa94-04c1-424b-9868-57a2d4851a1d" relativeResultsDirectory="c18ba9b2-4996-45cd-963d-496a93c11119" />
    <UnitTestResult executionId="a89bc899-a97d-4e16-92e2-2ad2405dfd13" testId="893a0243-2e3d-e4bc-d916-b909425fa45f" testName="IntegracaoContinua.Csharp.Teste.CpfTypeTest.Check_convertible_success(input: &quot;1&quot;, type: typeof(byte), expectedSuccess: True)" computerName="SILVER" duration="00:00:00.0000127" startTime="2022-02-06T11:00:14.1127719-03:00" endTime="2022-02-06T11:00:14.1127719-03:00" testType="13cdc9d9-ddb5-4fa4-a97d-d965ccfc6d4b" outcome="Passed" testListId="8c84fa94-04c1-424b-9868-57a2d4851a1d" relativeResultsDirectory="a89bc899-a97d-4e16-92e2-2ad2405dfd13" />
    <UnitTestResult executionId="97d260db-e370-46d8-85fe-baddd0ff7f15" testId="de2f577e-23d1-7de5-7da7-cf73bd1b1288" testName="IntegracaoContinua.Csharp.Teste.CpfTypeTest.Check_explicit_to_cpf_is_valid(input: &quot;981.560.470-87&quot;, expected: &quot;981.560.470-87&quot;)" computerName="SILVER" duration="00:00:00.0011032" startTime="2022-02-06T11:00:14.1650008-03:00" endTime="2022-02-06T11:00:14.1650013-03:00" testType="13cdc9d9-ddb5-4fa4-a97d-d965ccfc6d4b" outcome="Passed" testListId="8c84fa94-04c1-424b-9868-57a2d4851a1d" relativeResultsDirectory="97d260db-e370-46d8-85fe-baddd0ff7f15" />
    <UnitTestResult executionId="6ca20e93-98ee-4032-91a0-9a1922d096ad" testId="703672c9-ee8d-3f85-5500-bd9618862eca" testName="IntegracaoContinua.Csharp.Teste.CpfTypeTest.Check_parse_invalid(input: &quot;&quot;)" computerName="SILVER" duration="00:00:00.0000966" startTime="2022-02-06T11:00:14.1680962-03:00" endTime="2022-02-06T11:00:14.1680979-03:00" testType="13cdc9d9-ddb5-4fa4-a97d-d965ccfc6d4b" outcome="Passed" testListId="8c84fa94-04c1-424b-9868-57a2d4851a1d" relativeResultsDirectory="6ca20e93-98ee-4032-91a0-9a1922d096ad" />
    <UnitTestResult executionId="7d244583-6304-4fc1-b812-61447ec8d293" testId="0cfe4909-93c1-0e6f-6357-8c6c009bcb23" testName="IntegracaoContinua.Csharp.Teste.CpfTypeTest.Check_convertible_success(input: &quot;153.179.966-35&quot;, type: typeof(double), expectedSuccess: False)" computerName="SILVER" duration="00:00:00.0001919" startTime="2022-02-06T11:00:14.1001103-03:00" endTime="2022-02-06T11:00:14.1001107-03:00" testType="13cdc9d9-ddb5-4fa4-a97d-d965ccfc6d4b" outcome="Passed" testListId="8c84fa94-04c1-424b-9868-57a2d4851a1d" relativeResultsDirectory="7d244583-6304-4fc1-b812-61447ec8d293" />
    <UnitTestResult executionId="0734c6b0-b71c-4141-b3b3-f322de985ec2" testId="b41653d3-656b-a88a-bd4b-3b23fd8a3e34" testName="IntegracaoContinua.Csharp.Teste.CpfTypeTest.Check_get_type_code_has_string" computerName="SILVER" duration="00:00:00.0053374" startTime="2022-02-06T11:00:14.1793623-03:00" endTime="2022-02-06T11:00:14.1793632-03:00" testType="13cdc9d9-ddb5-4fa4-a97d-d965ccfc6d4b" outcome="Passed" testListId="8c84fa94-04c1-424b-9868-57a2d4851a1d" relativeResultsDirectory="0734c6b0-b71c-4141-b3b3-f322de985ec2" />
    <UnitTestResult executionId="4f054e2b-0741-4329-9570-af200eec6f4c" testId="fa5ddc22-84c6-8a21-6b26-6e100a760ae1" testName="IntegracaoContinua.Csharp.Teste.CpfTypeTest.Check_convertible_success(input: &quot;153.179.966-35&quot;, type: typeof(uint), expectedSuccess: False)" computerName="SILVER" duration="00:00:00.0003472" startTime="2022-02-06T11:00:14.0197793-03:00" endTime="2022-02-06T11:00:14.0197798-03:00" testType="13cdc9d9-ddb5-4fa4-a97d-d965ccfc6d4b" outcome="Passed" testListId="8c84fa94-04c1-424b-9868-57a2d4851a1d" relativeResultsDirectory="4f054e2b-0741-4329-9570-af200eec6f4c" />
    <UnitTestResult executionId="3576b27f-48b0-4011-a728-80f5edb94a90" testId="2cf1d748-0e98-6d22-4b02-f5b11afd4989" testName="IntegracaoContinua.Csharp.Teste.CpfTypeTest.Check_convertible_success(input: &quot;153.179.966-35&quot;, type: typeof(bool), expectedSuccess: False)" computerName="SILVER" duration="00:00:00.0001380" startTime="2022-02-06T11:00:14.1133650-03:00" endTime="2022-02-06T11:00:14.1133655-03:00" testType="13cdc9d9-ddb5-4fa4-a97d-d965ccfc6d4b" outcome="Passed" testListId="8c84fa94-04c1-424b-9868-57a2d4851a1d" relativeResultsDirectory="3576b27f-48b0-4011-a728-80f5edb94a90" />
    <UnitTestResult executionId="302c2bc6-6d25-4023-8317-1ec543e4c533" testId="704555fe-23bc-0112-7b03-3bd4593604b6" testName="IntegracaoContinua.Csharp.Teste.CpfTypeTest.Check_convertible_success(input: &quot;153.179.966-35&quot;, type: typeof(float), expectedSuccess: False)" computerName="SILVER" duration="00:00:00.0002125" startTime="2022-02-06T11:00:14.0181184-03:00" endTime="2022-02-06T11:00:14.0181184-03:00" testType="13cdc9d9-ddb5-4fa4-a97d-d965ccfc6d4b" outcome="Passed" testListId="8c84fa94-04c1-424b-9868-57a2d4851a1d" relativeResultsDirectory="302c2bc6-6d25-4023-8317-1ec543e4c533" />
    <UnitTestResult executionId="fed49a2b-fac6-4855-9d46-c4f7f717d5da" testId="b00117b6-1580-da6e-2e2f-fdd54a95df6a" testName="IntegracaoContinua.Csharp.Teste.CpfTypeTest.Compare_equal_as_object" computerName="SILVER" duration="00:00:00.0009796" startTime="2022-02-06T11:00:14.1408867-03:00" endTime="2022-02-06T11:00:14.1408879-03:00" testType="13cdc9d9-ddb5-4fa4-a97d-d965ccfc6d4b" outcome="Passed" testListId="8c84fa94-04c1-424b-9868-57a2d4851a1d" relativeResultsDirectory="fed49a2b-fac6-4855-9d46-c4f7f717d5da" />
    <UnitTestResult executionId="c8512876-7488-4e46-92b4-f4990e7dc50b" testId="df1f5f15-fa87-e48b-6ccf-dbcf8695bedf" testName="IntegracaoContinua.Csharp.Teste.CpfTypeTest.Compare_equal(input: &quot;153.179.966-35&quot;, compare: &quot;153.179.966-35&quot;, expected: True)" computerName="SILVER" duration="00:00:00.0000897" startTime="2022-02-06T11:00:14.1359593-03:00" endTime="2022-02-06T11:00:14.1359597-03:00" testType="13cdc9d9-ddb5-4fa4-a97d-d965ccfc6d4b" outcome="Passed" testListId="8c84fa94-04c1-424b-9868-57a2d4851a1d" relativeResultsDirectory="c8512876-7488-4e46-92b4-f4990e7dc50b" />
    <UnitTestResult executionId="be428ca8-6a90-424d-8365-d3742d35eb90" testId="1d78c012-84c5-d3c2-55d1-9c5dc89a52db" testName="IntegracaoContinua.Csharp.Teste.CpfTypeTest.Check_convertible_success(input: &quot;153.179.966-35&quot;, type: typeof(decimal), expectedSuccess: False)" computerName="SILVER" duration="00:00:00.0001983" startTime="2022-02-06T11:00:14.0988098-03:00" endTime="2022-02-06T11:00:14.0988103-03:00" testType="13cdc9d9-ddb5-4fa4-a97d-d965ccfc6d4b" outcome="Passed" testListId="8c84fa94-04c1-424b-9868-57a2d4851a1d" relativeResultsDirectory="be428ca8-6a90-424d-8365-d3742d35eb90" />
    <UnitTestResult executionId="c3f4adaa-38bf-46e0-a19d-87049389e14a" testId="fdecede1-f018-e708-81ca-a780f351ad68" testName="IntegracaoContinua.Csharp.Teste.CpfTypeTest.Check_to_string_format_exception(input: &quot;153.179.966-35&quot;, format: &quot;x&quot;)" computerName="SILVER" duration="00:00:00.0000914" startTime="2022-02-06T11:00:14.1827557-03:00" endTime="2022-02-06T11:00:14.1827561-03:00" testType="13cdc9d9-ddb5-4fa4-a97d-d965ccfc6d4b" outcome="Passed" testListId="8c84fa94-04c1-424b-9868-57a2d4851a1d" relativeResultsDirectory="c3f4adaa-38bf-46e0-a19d-87049389e14a" />
    <UnitTestResult executionId="d0ad6631-25c3-4c79-b6a6-c40fd9545760" testId="e7ecf142-6678-5675-0bee-2b6b5aae3bbd" testName="IntegracaoContinua.Csharp.Teste.CpfTypeTest.Check_convertible_success(input: &quot;153.179.966-35&quot;, type: typeof(sbyte), expectedSuccess: False)" computerName="SILVER" duration="00:00:00.0003164" startTime="2022-02-06T11:00:14.1018966-03:00" endTime="2022-02-06T11:00:14.1018970-03:00" testType="13cdc9d9-ddb5-4fa4-a97d-d965ccfc6d4b" outcome="Passed" testListId="8c84fa94-04c1-424b-9868-57a2d4851a1d" relativeResultsDirectory="d0ad6631-25c3-4c79-b6a6-c40fd9545760" />
    <UnitTestResult executionId="9f915052-536c-4d25-91bf-1b7fd72146b0" testId="66358c41-3e7d-3334-15d3-424874f0936b" testName="IntegracaoContinua.Csharp.Teste.CpfTypeTest.Check_to_string_format(input: &quot;153.179.966-35&quot;, format: null, expected: &quot;153.179.966-35&quot;)" computerName="SILVER" duration="00:00:00.0000362" startTime="2022-02-06T11:00:14.1622985-03:00" endTime="2022-02-06T11:00:14.1622985-03:00" testType="13cdc9d9-ddb5-4fa4-a97d-d965ccfc6d4b" outcome="Passed" testListId="8c84fa94-04c1-424b-9868-57a2d4851a1d" relativeResultsDirectory="9f915052-536c-4d25-91bf-1b7fd72146b0" />
    <UnitTestResult executionId="7ff16492-c180-4047-88d2-27ae16df40c8" testId="1e689117-4905-2e0d-f14b-f1a0ead8d04e" testName="IntegracaoContinua.Csharp.Teste.CpfTypeTest.Check_format_is_invalid(input: &quot;&quot;)" computerName="SILVER" duration="00:00:00.0000140" startTime="2022-02-06T11:00:14.1495839-03:00" endTime="2022-02-06T11:00:14.1495847-03:00" testType="13cdc9d9-ddb5-4fa4-a97d-d965ccfc6d4b" outcome="Passed" testListId="8c84fa94-04c1-424b-9868-57a2d4851a1d" relativeResultsDirectory="7ff16492-c180-4047-88d2-27ae16df40c8" />
    <UnitTestResult executionId="09629fb2-1041-4042-b09c-49aed1d43408" testId="03ce0c27-009c-9b95-f7f2-3706319fa346" testName="IntegracaoContinua.Csharp.Teste.CpfTypeTest.Check_format_is_valid(input: &quot;15317996635&quot;, expected: &quot;153.179.966-35&quot;)" computerName="SILVER" duration="00:00:00.0006063" startTime="2022-02-06T11:00:14.1591403-03:00" endTime="2022-02-06T11:00:14.1591407-03:00" testType="13cdc9d9-ddb5-4fa4-a97d-d965ccfc6d4b" outcome="Passed" testListId="8c84fa94-04c1-424b-9868-57a2d4851a1d" relativeResultsDirectory="09629fb2-1041-4042-b09c-49aed1d43408" />
    <UnitTestResult executionId="84c54eba-cf2b-4d1b-8305-c2038c01c245" testId="fb4e0beb-aea0-3891-2270-18dac6d1aa9b" testName="IntegracaoContinua.Csharp.Teste.CpfTypeTest.Check_convertible_success(input: &quot;1&quot;, type: typeof(ushort), expectedSuccess: True)" computerName="SILVER" duration="00:00:00.0000076" startTime="2022-02-06T11:00:14.1145389-03:00" endTime="2022-02-06T11:00:14.1145393-03:00" testType="13cdc9d9-ddb5-4fa4-a97d-d965ccfc6d4b" outcome="Passed" testListId="8c84fa94-04c1-424b-9868-57a2d4851a1d" relativeResultsDirectory="84c54eba-cf2b-4d1b-8305-c2038c01c245" />
    <UnitTestResult executionId="c1b5f736-2b92-4b9c-ac2d-ec721f305dbc" testId="b93a9a05-7497-dce5-eb40-04ff1b90fd84" testName="IntegracaoContinua.Csharp.Teste.CpfTypeTest.Check_to_string_format(input: &quot;153.179.966-35&quot;, format: &quot;d&quot;, expected: &quot;153.179.966-35&quot;)" computerName="SILVER" duration="00:00:00.0000418" startTime="2022-02-06T11:00:14.1617271-03:00" endTime="2022-02-06T11:00:14.1617276-03:00" testType="13cdc9d9-ddb5-4fa4-a97d-d965ccfc6d4b" outcome="Passed" testListId="8c84fa94-04c1-424b-9868-57a2d4851a1d" relativeResultsDirectory="c1b5f736-2b92-4b9c-ac2d-ec721f305dbc" />
  </Results>
  <TestDefinitions>
    <UnitTest name="IntegracaoContinua.Csharp.Teste.CpfTypeTest.Check_explicit_to_string_is_valid(input: &quot;98156047087&quot;, expected: &quot;981.560.470-87&quot;)" storage="c:\projetos\integracaocontinua.csharp\test\bin\debug\net5.0\integracaocontinua.csharp.teste.dll" id="6a3de626-b641-6d4b-9d21-9d69e4b855ab">
      <Execution id="3ef63f9b-5f92-4c37-9dd2-3ef25489ceb0" />
      <TestMethod codeBase="C:\Projetos\IntegracaoContinua.Csharp\test\bin\Debug\net5.0\IntegracaoContinua.Csharp.Teste.dll" adapterTypeName="executor://xunit/VsTestRunner2/netcoreapp" className="IntegracaoContinua.Csharp.Teste.CpfTypeTest" name="Check_explicit_to_string_is_valid" />
    </UnitTest>
    <UnitTest name="IntegracaoContinua.Csharp.Teste.CpfTypeTest.Check_to_string_format_exception(input: &quot;153.179.966-35&quot;, format: &quot;text&quot;)" storage="c:\projetos\integracaocontinua.csharp\test\bin\debug\net5.0\integracaocontinua.csharp.teste.dll" id="93baddd9-dc7f-8c05-666b-f22985f3d08c">
      <Execution id="33e73f40-626c-4d4d-a146-48ddb4e6bb91" />
      <TestMethod codeBase="C:\Projetos\IntegracaoContinua.Csharp\test\bin\Debug\net5.0\IntegracaoContinua.Csharp.Teste.dll" adapterTypeName="executor://xunit/VsTestRunner2/netcoreapp" className="IntegracaoContinua.Csharp.Teste.CpfTypeTest" name="Check_to_string_format_exception" />
    </UnitTest>
    <UnitTest name="IntegracaoContinua.Csharp.Teste.CpfTypeTest.Check_to_string_format(input: &quot;153.179.966-35&quot;, format: &quot;&quot;, expected: &quot;153.179.966-35&quot;)" storage="c:\projetos\integracaocontinua.csharp\test\bin\debug\net5.0\integracaocontinua.csharp.teste.dll" id="f916675e-bb1f-4f05-96ae-80efc4782dbd">
      <Execution id="e4cffb36-0fcc-4097-9d17-1d69ffbf3768" />
      <TestMethod codeBase="C:\Projetos\IntegracaoContinua.Csharp\test\bin\Debug\net5.0\IntegracaoContinua.Csharp.Teste.dll" adapterTypeName="executor://xunit/VsTestRunner2/netcoreapp" className="IntegracaoContinua.Csharp.Teste.CpfTypeTest" name="Check_to_string_format" />
    </UnitTest>
    <UnitTest name="IntegracaoContinua.Csharp.Teste.CpfTypeTest.Check_format_is_valid(input: &quot;15317996635&quot;, expected: &quot;153.179.966-35&quot;)" storage="c:\projetos\integracaocontinua.csharp\test\bin\debug\net5.0\integracaocontinua.csharp.teste.dll" id="03ce0c27-009c-9b95-f7f2-3706319fa346">
      <Execution id="09629fb2-1041-4042-b09c-49aed1d43408" />
      <TestMethod codeBase="C:\Projetos\IntegracaoContinua.Csharp\test\bin\Debug\net5.0\IntegracaoContinua.Csharp.Teste.dll" adapterTypeName="executor://xunit/VsTestRunner2/netcoreapp" className="IntegracaoContinua.Csharp.Teste.CpfTypeTest" name="Check_format_is_valid" />
    </UnitTest>
    <UnitTest name="IntegracaoContinua.Csharp.Teste.CpfTypeTest.Check_format_is_invalid(input: null)" storage="c:\projetos\integracaocontinua.csharp\test\bin\debug\net5.0\integracaocontinua.csharp.teste.dll" id="65a7b585-fe82-bfec-0595-1aed342f7c92">
      <Execution id="86cf45d4-4cff-40e6-bcb9-4ee039ca64ab" />
      <TestMethod codeBase="C:\Projetos\IntegracaoContinua.Csharp\test\bin\Debug\net5.0\IntegracaoContinua.Csharp.Teste.dll" adapterTypeName="executor://xunit/VsTestRunner2/netcoreapp" className="IntegracaoContinua.Csharp.Teste.CpfTypeTest" name="Check_format_is_invalid" />
    </UnitTest>
    <UnitTest name="IntegracaoContinua.Csharp.Teste.CpfTypeTest.Check_convertible_success(input: &quot;153.179.966-35&quot;, type: typeof(short), expectedSuccess: False)" storage="c:\projetos\integracaocontinua.csharp\test\bin\debug\net5.0\integracaocontinua.csharp.teste.dll" id="7b09966f-6e62-7d86-db09-c82754960e89">
      <Execution id="27a7bc68-cb4c-4226-93fd-7adf6fca5fb7" />
      <TestMethod codeBase="C:\Projetos\IntegracaoContinua.Csharp\test\bin\Debug\net5.0\IntegracaoContinua.Csharp.Teste.dll" adapterTypeName="executor://xunit/VsTestRunner2/netcoreapp" className="IntegracaoContinua.Csharp.Teste.CpfTypeTest" name="Check_convertible_success" />
    </UnitTest>
    <UnitTest name="IntegracaoContinua.Csharp.Teste.CpfTypeTest.Check_convertible_success(input: &quot;any value&quot;, type: typeof(string), expectedSuccess: True)" storage="c:\projetos\integracaocontinua.csharp\test\bin\debug\net5.0\integracaocontinua.csharp.teste.dll" id="1e6f0f84-6399-96a3-9daf-47d77d592e92">
      <Execution id="87c7dcbd-6b05-4ad6-9f33-4c0f476d2ae9" />
      <TestMethod codeBase="C:\Projetos\IntegracaoContinua.Csharp\test\bin\Debug\net5.0\IntegracaoContinua.Csharp.Teste.dll" adapterTypeName="executor://xunit/VsTestRunner2/netcoreapp" className="IntegracaoContinua.Csharp.Teste.CpfTypeTest" name="Check_convertible_success" />
    </UnitTest>
    <UnitTest name="IntegracaoContinua.Csharp.Teste.CpfTypeTest.Check_convertible_success(input: &quot;153.179.966-35&quot;, type: typeof(char), expectedSuccess: False)" storage="c:\projetos\integracaocontinua.csharp\test\bin\debug\net5.0\integracaocontinua.csharp.teste.dll" id="e9c1193a-1a50-e393-d749-56dcf2eecb61">
      <Execution id="31302ecf-d592-4c9f-b519-c817163ce71e" />
      <TestMethod codeBase="C:\Projetos\IntegracaoContinua.Csharp\test\bin\Debug\net5.0\IntegracaoContinua.Csharp.Teste.dll" adapterTypeName="executor://xunit/VsTestRunner2/netcoreapp" className="IntegracaoContinua.Csharp.Teste.CpfTypeTest" name="Check_convertible_success" />
    </UnitTest>
    <UnitTest name="IntegracaoContinua.Csharp.Teste.CpfTypeTest.Compare_get_hash_code(input: &quot;153.179.966-35&quot;, compare: &quot;153.179.966-35&quot;, expected: True)" storage="c:\projetos\integracaocontinua.csharp\test\bin\debug\net5.0\integracaocontinua.csharp.teste.dll" id="550cd95a-312c-c0d5-e8d9-bba046469958">
      <Execution id="af52f5f0-c30e-4a0d-bf9c-fce74bed1f00" />
      <TestMethod codeBase="C:\Projetos\IntegracaoContinua.Csharp\test\bin\Debug\net5.0\IntegracaoContinua.Csharp.Teste.dll" adapterTypeName="executor://xunit/VsTestRunner2/netcoreapp" className="IntegracaoContinua.Csharp.Teste.CpfTypeTest" name="Compare_get_hash_code" />
    </UnitTest>
    <UnitTest name="IntegracaoContinua.Csharp.Teste.CpfTypeTest.Check_to_string_format(input: &quot;153.179.966-35&quot;, format: &quot;d&quot;, expected: &quot;153.179.966-35&quot;)" storage="c:\projetos\integracaocontinua.csharp\test\bin\debug\net5.0\integracaocontinua.csharp.teste.dll" id="b93a9a05-7497-dce5-eb40-04ff1b90fd84">
      <Execution id="c1b5f736-2b92-4b9c-ac2d-ec721f305dbc" />
      <TestMethod codeBase="C:\Projetos\IntegracaoContinua.Csharp\test\bin\Debug\net5.0\IntegracaoContinua.Csharp.Teste.dll" adapterTypeName="executor://xunit/VsTestRunner2/netcoreapp" className="IntegracaoContinua.Csharp.Teste.CpfTypeTest" name="Check_to_string_format" />
    </UnitTest>
    <UnitTest name="IntegracaoContinua.Csharp.Teste.CpfTypeTest.Compare_equal(input: &quot;153.179.966-35&quot;, compare: &quot;153.179.966-35&quot;, expected: True)" storage="c:\projetos\integracaocontinua.csharp\test\bin\debug\net5.0\integracaocontinua.csharp.teste.dll" id="df1f5f15-fa87-e48b-6ccf-dbcf8695bedf">
      <Execution id="c8512876-7488-4e46-92b4-f4990e7dc50b" />
      <TestMethod codeBase="C:\Projetos\IntegracaoContinua.Csharp\test\bin\Debug\net5.0\IntegracaoContinua.Csharp.Teste.dll" adapterTypeName="executor://xunit/VsTestRunner2/netcoreapp" className="IntegracaoContinua.Csharp.Teste.CpfTypeTest" name="Compare_equal" />
    </UnitTest>
    <UnitTest name="IntegracaoContinua.Csharp.Teste.CpfTypeTest.Check_generate_is_valid" storage="c:\projetos\integracaocontinua.csharp\test\bin\debug\net5.0\integracaocontinua.csharp.teste.dll" id="95306fed-f98b-3a3b-be18-20e77308617b">
      <Execution id="4af95aec-df6e-438b-a0d7-fc4a2907ea62" />
      <TestMethod codeBase="C:\Projetos\IntegracaoContinua.Csharp\test\bin\Debug\net5.0\IntegracaoContinua.Csharp.Teste.dll" adapterTypeName="executor://xunit/VsTestRunner2/netcoreapp" className="IntegracaoContinua.Csharp.Teste.CpfTypeTest" name="Check_generate_is_valid" />
    </UnitTest>
    <UnitTest name="IntegracaoContinua.Csharp.Teste.CpfTypeTest.Check_convertible_success(input: &quot;153.179.966-35&quot;, type: typeof(uint), expectedSuccess: False)" storage="c:\projetos\integracaocontinua.csharp\test\bin\debug\net5.0\integracaocontinua.csharp.teste.dll" id="fa5ddc22-84c6-8a21-6b26-6e100a760ae1">
      <Execution id="4f054e2b-0741-4329-9570-af200eec6f4c" />
      <TestMethod codeBase="C:\Projetos\IntegracaoContinua.Csharp\test\bin\Debug\net5.0\IntegracaoContinua.Csharp.Teste.dll" adapterTypeName="executor://xunit/VsTestRunner2/netcoreapp" className="IntegracaoContinua.Csharp.Teste.CpfTypeTest" name="Check_convertible_success" />
    </UnitTest>
    <UnitTest name="IntegracaoContinua.Csharp.Teste.CpfTypeTest.Check_convertible_success(input: &quot;2021-01-01&quot;, type: typeof(System.DateTime), expectedSuccess: False)" storage="c:\projetos\integracaocontinua.csharp\test\bin\debug\net5.0\integracaocontinua.csharp.teste.dll" id="926b5bb0-5edd-5725-f455-452b68791b37">
      <Execution id="d1f4f004-479f-4feb-9001-f3151721b0cc" />
      <TestMethod codeBase="C:\Projetos\IntegracaoContinua.Csharp\test\bin\Debug\net5.0\IntegracaoContinua.Csharp.Teste.dll" adapterTypeName="executor://xunit/VsTestRunner2/netcoreapp" className="IntegracaoContinua.Csharp.Teste.CpfTypeTest" name="Check_convertible_success" />
    </UnitTest>
    <UnitTest name="IntegracaoContinua.Csharp.Teste.CpfTypeTest.Compare_equal(input: &quot;153.179.966-35&quot;, compare: &quot;183.132.538-19&quot;, expected: False)" storage="c:\projetos\integracaocontinua.csharp\test\bin\debug\net5.0\integracaocontinua.csharp.teste.dll" id="620d9562-67eb-dd75-d5f2-5be915c7fca6">
      <Execution id="d39ac75e-476f-4beb-a0c0-a42585f78fa4" />
      <TestMethod codeBase="C:\Projetos\IntegracaoContinua.Csharp\test\bin\Debug\net5.0\IntegracaoContinua.Csharp.Teste.dll" adapterTypeName="executor://xunit/VsTestRunner2/netcoreapp" className="IntegracaoContinua.Csharp.Teste.CpfTypeTest" name="Compare_equal" />
    </UnitTest>
    <UnitTest name="IntegracaoContinua.Csharp.Teste.CpfTypeTest.Check_convertible_success(input: &quot;1&quot;, type: typeof(float), expectedSuccess: True)" storage="c:\projetos\integracaocontinua.csharp\test\bin\debug\net5.0\integracaocontinua.csharp.teste.dll" id="0b07877f-2137-afec-ea48-d601488cbe87">
      <Execution id="5d564d58-a924-47fa-98da-b5d768bab43b" />
      <TestMethod codeBase="C:\Projetos\IntegracaoContinua.Csharp\test\bin\Debug\net5.0\IntegracaoContinua.Csharp.Teste.dll" adapterTypeName="executor://xunit/VsTestRunner2/netcoreapp" className="IntegracaoContinua.Csharp.Teste.CpfTypeTest" name="Check_convertible_success" />
    </UnitTest>
    <UnitTest name="IntegracaoContinua.Csharp.Teste.CpfTypeTest.Check_convertible_success(input: &quot;153.179.966-35&quot;, type: typeof(ushort), expectedSuccess: False)" storage="c:\projetos\integracaocontinua.csharp\test\bin\debug\net5.0\integracaocontinua.csharp.teste.dll" id="861a048f-4cda-b2f6-7665-31b8bc9da3b7">
      <Execution id="5e8849dd-9070-412f-a7cd-2ec91d835a59" />
      <TestMethod codeBase="C:\Projetos\IntegracaoContinua.Csharp\test\bin\Debug\net5.0\IntegracaoContinua.Csharp.Teste.dll" adapterTypeName="executor://xunit/VsTestRunner2/netcoreapp" className="IntegracaoContinua.Csharp.Teste.CpfTypeTest" name="Check_convertible_success" />
    </UnitTest>
    <UnitTest name="IntegracaoContinua.Csharp.Teste.CpfTypeTest.Check_convertible_success(input: &quot;153.179.966-35&quot;, type: typeof(double), expectedSuccess: False)" storage="c:\projetos\integracaocontinua.csharp\test\bin\debug\net5.0\integracaocontinua.csharp.teste.dll" id="0cfe4909-93c1-0e6f-6357-8c6c009bcb23">
      <Execution id="7d244583-6304-4fc1-b812-61447ec8d293" />
      <TestMethod codeBase="C:\Projetos\IntegracaoContinua.Csharp\test\bin\Debug\net5.0\IntegracaoContinua.Csharp.Teste.dll" adapterTypeName="executor://xunit/VsTestRunner2/netcoreapp" className="IntegracaoContinua.Csharp.Teste.CpfTypeTest" name="Check_convertible_success" />
    </UnitTest>
    <UnitTest name="IntegracaoContinua.Csharp.Teste.CpfTypeTest.Check_parse_invalid(input: &quot;981.560.470-00&quot;)" storage="c:\projetos\integracaocontinua.csharp\test\bin\debug\net5.0\integracaocontinua.csharp.teste.dll" id="e9aaeea9-a0d6-6af5-5b63-64eb69f1f023">
      <Execution id="8afa71e1-d5cd-4688-bda9-80390d029b6e" />
      <TestMethod codeBase="C:\Projetos\IntegracaoContinua.Csharp\test\bin\Debug\net5.0\IntegracaoContinua.Csharp.Teste.dll" adapterTypeName="executor://xunit/VsTestRunner2/netcoreapp" className="IntegracaoContinua.Csharp.Teste.CpfTypeTest" name="Check_parse_invalid" />
    </UnitTest>
    <UnitTest name="IntegracaoContinua.Csharp.Teste.CpfTypeTest.Check_format_is_valid(input: &quot;153.179.966-35&quot;, expected: &quot;153.179.966-35&quot;)" storage="c:\projetos\integracaocontinua.csharp\test\bin\debug\net5.0\integracaocontinua.csharp.teste.dll" id="d56b46ba-16d4-8ae7-a5db-b0b4409e184d">
      <Execution id="c18ba9b2-4996-45cd-963d-496a93c11119" />
      <TestMethod codeBase="C:\Projetos\IntegracaoContinua.Csharp\test\bin\Debug\net5.0\IntegracaoContinua.Csharp.Teste.dll" adapterTypeName="executor://xunit/VsTestRunner2/netcoreapp" className="IntegracaoContinua.Csharp.Teste.CpfTypeTest" name="Check_format_is_valid" />
    </UnitTest>
    <UnitTest name="IntegracaoContinua.Csharp.Teste.CpfTypeTest.Compare_equal(input: &quot;153.179.966-35&quot;, compare: &quot;any value&quot;, expected: False)" storage="c:\projetos\integracaocontinua.csharp\test\bin\debug\net5.0\integracaocontinua.csharp.teste.dll" id="ce1785ab-4ad5-d1fd-d16d-39081a04afc9">
      <Execution id="5343bf01-e34a-4174-a97d-0603845edf42" />
      <TestMethod codeBase="C:\Projetos\IntegracaoContinua.Csharp\test\bin\Debug\net5.0\IntegracaoContinua.Csharp.Teste.dll" adapterTypeName="executor://xunit/VsTestRunner2/netcoreapp" className="IntegracaoContinua.Csharp.Teste.CpfTypeTest" name="Compare_equal" />
    </UnitTest>
    <UnitTest name="IntegracaoContinua.Csharp.Teste.CpfTypeTest.Check_convertible_success(input: &quot;1&quot;, type: typeof(uint), expectedSuccess: True)" storage="c:\projetos\integracaocontinua.csharp\test\bin\debug\net5.0\integracaocontinua.csharp.teste.dll" id="523d7517-e5e7-6407-1b9a-e23331f8c6de">
      <Execution id="39d506d4-324e-492b-ad73-fbf18fb20fcc" />
      <TestMethod codeBase="C:\Projetos\IntegracaoContinua.Csharp\test\bin\Debug\net5.0\IntegracaoContinua.Csharp.Teste.dll" adapterTypeName="executor://xunit/VsTestRunner2/netcoreapp" className="IntegracaoContinua.Csharp.Teste.CpfTypeTest" name="Check_convertible_success" />
    </UnitTest>
    <UnitTest name="IntegracaoContinua.Csharp.Teste.CpfTypeTest.Compare_greater_than_as_object" storage="c:\projetos\integracaocontinua.csharp\test\bin\debug\net5.0\integracaocontinua.csharp.teste.dll" id="fec4200d-6af2-5672-a046-f5feb638aece">
      <Execution id="17ba8232-ac7e-46eb-b702-c011ae319055" />
      <TestMethod codeBase="C:\Projetos\IntegracaoContinua.Csharp\test\bin\Debug\net5.0\IntegracaoContinua.Csharp.Teste.dll" adapterTypeName="executor://xunit/VsTestRunner2/netcoreapp" className="IntegracaoContinua.Csharp.Teste.CpfTypeTest" name="Compare_greater_than_as_object" />
    </UnitTest>
    <UnitTest name="IntegracaoContinua.Csharp.Teste.CpfTypeTest.Check_to_string_format(input: &quot;153.179.966-35&quot;, format: null, expected: &quot;153.179.966-35&quot;)" storage="c:\projetos\integracaocontinua.csharp\test\bin\debug\net5.0\integracaocontinua.csharp.teste.dll" id="66358c41-3e7d-3334-15d3-424874f0936b">
      <Execution id="9f915052-536c-4d25-91bf-1b7fd72146b0" />
      <TestMethod codeBase="C:\Projetos\IntegracaoContinua.Csharp\test\bin\Debug\net5.0\IntegracaoContinua.Csharp.Teste.dll" adapterTypeName="executor://xunit/VsTestRunner2/netcoreapp" className="IntegracaoContinua.Csharp.Teste.CpfTypeTest" name="Check_to_string_format" />
    </UnitTest>
    <UnitTest name="IntegracaoContinua.Csharp.Teste.CpfTypeTest.Check_convertible_success(input: &quot;1&quot;, type: typeof(byte), expectedSuccess: True)" storage="c:\projetos\integracaocontinua.csharp\test\bin\debug\net5.0\integracaocontinua.csharp.teste.dll" id="893a0243-2e3d-e4bc-d916-b909425fa45f">
      <Execution id="a89bc899-a97d-4e16-92e2-2ad2405dfd13" />
      <TestMethod codeBase="C:\Projetos\IntegracaoContinua.Csharp\test\bin\Debug\net5.0\IntegracaoContinua.Csharp.Teste.dll" adapterTypeName="executor://xunit/VsTestRunner2/netcoreapp" className="IntegracaoContinua.Csharp.Teste.CpfTypeTest" name="Check_convertible_success" />
    </UnitTest>
    <UnitTest name="IntegracaoContinua.Csharp.Teste.CpfTypeTest.Compare_get_hash_code(input: &quot;153.179.966-35&quot;, compare: &quot;any value&quot;, expected: False)" storage="c:\projetos\integracaocontinua.csharp\test\bin\debug\net5.0\integracaocontinua.csharp.teste.dll" id="fe79c662-5455-f60d-ae08-8cddace1d399">
      <Execution id="c0e527d4-988b-4096-aa22-a0f0bcecfde9" />
      <TestMethod codeBase="C:\Projetos\IntegracaoContinua.Csharp\test\bin\Debug\net5.0\IntegracaoContinua.Csharp.Teste.dll" adapterTypeName="executor://xunit/VsTestRunner2/netcoreapp" className="IntegracaoContinua.Csharp.Teste.CpfTypeTest" name="Compare_get_hash_code" />
    </UnitTest>
    <UnitTest name="IntegracaoContinua.Csharp.Teste.CpfTypeTest.Compare_greater_than(input: &quot;153.179.966-35&quot;, compare: &quot;253.179.966-35&quot;, expected: False)" storage="c:\projetos\integracaocontinua.csharp\test\bin\debug\net5.0\integracaocontinua.csharp.teste.dll" id="ca59c394-1e48-9eab-9c1e-7c5e13640bfa">
      <Execution id="c8ffb4fb-b27d-4299-920e-ecb12908177f" />
      <TestMethod codeBase="C:\Projetos\IntegracaoContinua.Csharp\test\bin\Debug\net5.0\IntegracaoContinua.Csharp.Teste.dll" adapterTypeName="executor://xunit/VsTestRunner2/netcoreapp" className="IntegracaoContinua.Csharp.Teste.CpfTypeTest" name="Compare_greater_than" />
    </UnitTest>
    <UnitTest name="IntegracaoContinua.Csharp.Teste.CpfTypeTest.Check_to_string_format_exception(input: &quot;153.179.966-35&quot;, format: &quot;x&quot;)" storage="c:\projetos\integracaocontinua.csharp\test\bin\debug\net5.0\integracaocontinua.csharp.teste.dll" id="fdecede1-f018-e708-81ca-a780f351ad68">
      <Execution id="c3f4adaa-38bf-46e0-a19d-87049389e14a" />
      <TestMethod codeBase="C:\Projetos\IntegracaoContinua.Csharp\test\bin\Debug\net5.0\IntegracaoContinua.Csharp.Teste.dll" adapterTypeName="executor://xunit/VsTestRunner2/netcoreapp" className="IntegracaoContinua.Csharp.Teste.CpfTypeTest" name="Check_to_string_format_exception" />
    </UnitTest>
    <UnitTest name="IntegracaoContinua.Csharp.Teste.CpfTypeTest.Check_format_is_invalid(input: &quot;&quot;)" storage="c:\projetos\integracaocontinua.csharp\test\bin\debug\net5.0\integracaocontinua.csharp.teste.dll" id="1e689117-4905-2e0d-f14b-f1a0ead8d04e">
      <Execution id="7ff16492-c180-4047-88d2-27ae16df40c8" />
      <TestMethod codeBase="C:\Projetos\IntegracaoContinua.Csharp\test\bin\Debug\net5.0\IntegracaoContinua.Csharp.Teste.dll" adapterTypeName="executor://xunit/VsTestRunner2/netcoreapp" className="IntegracaoContinua.Csharp.Teste.CpfTypeTest" name="Check_format_is_invalid" />
    </UnitTest>
    <UnitTest name="IntegracaoContinua.Csharp.Teste.CpfTypeTest.Check_convertible_success(input: &quot;153.179.966-35&quot;, type: typeof(string), expectedSuccess: True)" storage="c:\projetos\integracaocontinua.csharp\test\bin\debug\net5.0\integracaocontinua.csharp.teste.dll" id="2586f983-57ad-e9a5-81d5-5040f3bd4f22">
      <Execution id="01ab3721-ef7e-44fb-b59b-9fe48cc0af3e" />
      <TestMethod codeBase="C:\Projetos\IntegracaoContinua.Csharp\test\bin\Debug\net5.0\IntegracaoContinua.Csharp.Teste.dll" adapterTypeName="executor://xunit/VsTestRunner2/netcoreapp" className="IntegracaoContinua.Csharp.Teste.CpfTypeTest" name="Check_convertible_success" />
    </UnitTest>
    <UnitTest name="IntegracaoContinua.Csharp.Teste.CpfTypeTest.Check_convertible_success(input: &quot;1&quot;, type: typeof(short), expectedSuccess: True)" storage="c:\projetos\integracaocontinua.csharp\test\bin\debug\net5.0\integracaocontinua.csharp.teste.dll" id="cfcad5c9-0a67-2c74-03c2-1cd052ff2c1c">
      <Execution id="29219981-6f7a-4433-b1ca-a4f416a81152" />
      <TestMethod codeBase="C:\Projetos\IntegracaoContinua.Csharp\test\bin\Debug\net5.0\IntegracaoContinua.Csharp.Teste.dll" adapterTypeName="executor://xunit/VsTestRunner2/netcoreapp" className="IntegracaoContinua.Csharp.Teste.CpfTypeTest" name="Check_convertible_success" />
    </UnitTest>
    <UnitTest name="IntegracaoContinua.Csharp.Teste.CpfTypeTest.Compare_get_hash_code(input: &quot;153.179.966-35&quot;, compare: &quot;183.132.538-19&quot;, expected: False)" storage="c:\projetos\integracaocontinua.csharp\test\bin\debug\net5.0\integracaocontinua.csharp.teste.dll" id="c0fbd791-0694-2019-d703-69834b89e84a">
      <Execution id="366899dc-2640-44bf-8b1f-1654f727f8e2" />
      <TestMethod codeBase="C:\Projetos\IntegracaoContinua.Csharp\test\bin\Debug\net5.0\IntegracaoContinua.Csharp.Teste.dll" adapterTypeName="executor://xunit/VsTestRunner2/netcoreapp" className="IntegracaoContinua.Csharp.Teste.CpfTypeTest" name="Compare_get_hash_code" />
    </UnitTest>
    <UnitTest name="IntegracaoContinua.Csharp.Teste.CpfTypeTest.Check_convertible_success(input: &quot;153.179.966-35&quot;, type: typeof(int), expectedSuccess: False)" storage="c:\projetos\integracaocontinua.csharp\test\bin\debug\net5.0\integracaocontinua.csharp.teste.dll" id="b59230ca-d7ab-6502-ac78-73017c2a2478">
      <Execution id="58068076-f5a5-4ffb-a14a-8c4546c6d7f7" />
      <TestMethod codeBase="C:\Projetos\IntegracaoContinua.Csharp\test\bin\Debug\net5.0\IntegracaoContinua.Csharp.Teste.dll" adapterTypeName="executor://xunit/VsTestRunner2/netcoreapp" className="IntegracaoContinua.Csharp.Teste.CpfTypeTest" name="Check_convertible_success" />
    </UnitTest>
    <UnitTest name="IntegracaoContinua.Csharp.Teste.CpfTypeTest.Check_convertible_success(input: &quot;153.179.966-35&quot;, type: typeof(ulong), expectedSuccess: False)" storage="c:\projetos\integracaocontinua.csharp\test\bin\debug\net5.0\integracaocontinua.csharp.teste.dll" id="ee434496-4a0b-2200-5f87-c158ed8cc6e4">
      <Execution id="d7575456-e4a6-4e1e-8c28-5f19098ea3c8" />
      <TestMethod codeBase="C:\Projetos\IntegracaoContinua.Csharp\test\bin\Debug\net5.0\IntegracaoContinua.Csharp.Teste.dll" adapterTypeName="executor://xunit/VsTestRunner2/netcoreapp" className="IntegracaoContinua.Csharp.Teste.CpfTypeTest" name="Check_convertible_success" />
    </UnitTest>
    <UnitTest name="IntegracaoContinua.Csharp.Teste.CpfTypeTest.Check_convertible_success(input: &quot;1&quot;, type: typeof(ulong), expectedSuccess: True)" storage="c:\projetos\integracaocontinua.csharp\test\bin\debug\net5.0\integracaocontinua.csharp.teste.dll" id="d3b790c0-acfb-a19d-e52b-ca519d71edce">
      <Execution id="607ccdf0-e258-4198-9196-a8feda2d610b" />
      <TestMethod codeBase="C:\Projetos\IntegracaoContinua.Csharp\test\bin\Debug\net5.0\IntegracaoContinua.Csharp.Teste.dll" adapterTypeName="executor://xunit/VsTestRunner2/netcoreapp" className="IntegracaoContinua.Csharp.Teste.CpfTypeTest" name="Check_convertible_success" />
    </UnitTest>
    <UnitTest name="IntegracaoContinua.Csharp.Teste.CpfTypeTest.Check_convertible_success(input: &quot;1&quot;, type: typeof(ushort), expectedSuccess: True)" storage="c:\projetos\integracaocontinua.csharp\test\bin\debug\net5.0\integracaocontinua.csharp.teste.dll" id="fb4e0beb-aea0-3891-2270-18dac6d1aa9b">
      <Execution id="84c54eba-cf2b-4d1b-8305-c2038c01c245" />
      <TestMethod codeBase="C:\Projetos\IntegracaoContinua.Csharp\test\bin\Debug\net5.0\IntegracaoContinua.Csharp.Teste.dll" adapterTypeName="executor://xunit/VsTestRunner2/netcoreapp" className="IntegracaoContinua.Csharp.Teste.CpfTypeTest" name="Check_convertible_success" />
    </UnitTest>
    <UnitTest name="IntegracaoContinua.Csharp.Teste.CpfTypeTest.Check_convertible_success(input: &quot;153.179.966-35&quot;, type: typeof(sbyte), expectedSuccess: False)" storage="c:\projetos\integracaocontinua.csharp\test\bin\debug\net5.0\integracaocontinua.csharp.teste.dll" id="e7ecf142-6678-5675-0bee-2b6b5aae3bbd">
      <Execution id="d0ad6631-25c3-4c79-b6a6-c40fd9545760" />
      <TestMethod codeBase="C:\Projetos\IntegracaoContinua.Csharp\test\bin\Debug\net5.0\IntegracaoContinua.Csharp.Teste.dll" adapterTypeName="executor://xunit/VsTestRunner2/netcoreapp" className="IntegracaoContinua.Csharp.Teste.CpfTypeTest" name="Check_convertible_success" />
    </UnitTest>
    <UnitTest name="IntegracaoContinua.Csharp.Teste.CpfTypeTest.Check_parse_valid(input: &quot;153.179.966-35&quot;)" storage="c:\projetos\integracaocontinua.csharp\test\bin\debug\net5.0\integracaocontinua.csharp.teste.dll" id="cbb28ff7-30ad-9e92-a43b-b7999f1bb4cd">
      <Execution id="697ca3c3-625d-43a2-824f-dcfd2abaaf64" />
      <TestMethod codeBase="C:\Projetos\IntegracaoContinua.Csharp\test\bin\Debug\net5.0\IntegracaoContinua.Csharp.Teste.dll" adapterTypeName="executor://xunit/VsTestRunner2/netcoreapp" className="IntegracaoContinua.Csharp.Teste.CpfTypeTest" name="Check_parse_valid" />
    </UnitTest>
    <UnitTest name="IntegracaoContinua.Csharp.Teste.CpfTypeTest.Check_convertible_success(input: &quot;153.179.966-35&quot;, type: typeof(byte), expectedSuccess: False)" storage="c:\projetos\integracaocontinua.csharp\test\bin\debug\net5.0\integracaocontinua.csharp.teste.dll" id="56ab685c-2120-2411-94cd-8398976bddc8">
      <Execution id="e517ea92-7b51-4b71-9a91-e8b89ccc603b" />
      <TestMethod codeBase="C:\Projetos\IntegracaoContinua.Csharp\test\bin\Debug\net5.0\IntegracaoContinua.Csharp.Teste.dll" adapterTypeName="executor://xunit/VsTestRunner2/netcoreapp" className="IntegracaoContinua.Csharp.Teste.CpfTypeTest" name="Check_convertible_success" />
    </UnitTest>
    <UnitTest name="IntegracaoContinua.Csharp.Teste.CpfTypeTest.Check_convertible_success(input: &quot;153.179.966-35&quot;, type: typeof(float), expectedSuccess: False)" storage="c:\projetos\integracaocontinua.csharp\test\bin\debug\net5.0\integracaocontinua.csharp.teste.dll" id="704555fe-23bc-0112-7b03-3bd4593604b6">
      <Execution id="302c2bc6-6d25-4023-8317-1ec543e4c533" />
      <TestMethod codeBase="C:\Projetos\IntegracaoContinua.Csharp\test\bin\Debug\net5.0\IntegracaoContinua.Csharp.Teste.dll" adapterTypeName="executor://xunit/VsTestRunner2/netcoreapp" className="IntegracaoContinua.Csharp.Teste.CpfTypeTest" name="Check_convertible_success" />
    </UnitTest>
    <UnitTest name="IntegracaoContinua.Csharp.Teste.CpfTypeTest.Check_convertible_success(input: &quot;153.179.966-35&quot;, type: typeof(decimal), expectedSuccess: False)" storage="c:\projetos\integracaocontinua.csharp\test\bin\debug\net5.0\integracaocontinua.csharp.teste.dll" id="1d78c012-84c5-d3c2-55d1-9c5dc89a52db">
      <Execution id="be428ca8-6a90-424d-8365-d3742d35eb90" />
      <TestMethod codeBase="C:\Projetos\IntegracaoContinua.Csharp\test\bin\Debug\net5.0\IntegracaoContinua.Csharp.Teste.dll" adapterTypeName="executor://xunit/VsTestRunner2/netcoreapp" className="IntegracaoContinua.Csharp.Teste.CpfTypeTest" name="Check_convertible_success" />
    </UnitTest>
    <UnitTest name="IntegracaoContinua.Csharp.Teste.CpfTypeTest.Check_convertible_success(input: &quot;true&quot;, type: typeof(bool), expectedSuccess: True)" storage="c:\projetos\integracaocontinua.csharp\test\bin\debug\net5.0\integracaocontinua.csharp.teste.dll" id="8aa586a2-32b5-d3c2-02b4-460dfa7234aa">
      <Execution id="60d2feff-23fe-4b53-be4f-aad188cda46f" />
      <TestMethod codeBase="C:\Projetos\IntegracaoContinua.Csharp\test\bin\Debug\net5.0\IntegracaoContinua.Csharp.Teste.dll" adapterTypeName="executor://xunit/VsTestRunner2/netcoreapp" className="IntegracaoContinua.Csharp.Teste.CpfTypeTest" name="Check_convertible_success" />
    </UnitTest>
    <UnitTest name="IntegracaoContinua.Csharp.Teste.CpfTypeTest.Check_convertible_success(input: &quot;153.179.966-35&quot;, type: typeof(System.DateTime), expectedSuccess: False)" storage="c:\projetos\integracaocontinua.csharp\test\bin\debug\net5.0\integracaocontinua.csharp.teste.dll" id="d017d951-8639-89ec-ae2d-4449522422cc">
      <Execution id="8d25d886-dd89-47f9-b2e7-36ff3fe8eaea" />
      <TestMethod codeBase="C:\Projetos\IntegracaoContinua.Csharp\test\bin\Debug\net5.0\IntegracaoContinua.Csharp.Teste.dll" adapterTypeName="executor://xunit/VsTestRunner2/netcoreapp" className="IntegracaoContinua.Csharp.Teste.CpfTypeTest" name="Check_convertible_success" />
    </UnitTest>
    <UnitTest name="IntegracaoContinua.Csharp.Teste.CpfTypeTest.Compare_equal_as_object" storage="c:\projetos\integracaocontinua.csharp\test\bin\debug\net5.0\integracaocontinua.csharp.teste.dll" id="b00117b6-1580-da6e-2e2f-fdd54a95df6a">
      <Execution id="fed49a2b-fac6-4855-9d46-c4f7f717d5da" />
      <TestMethod codeBase="C:\Projetos\IntegracaoContinua.Csharp\test\bin\Debug\net5.0\IntegracaoContinua.Csharp.Teste.dll" adapterTypeName="executor://xunit/VsTestRunner2/netcoreapp" className="IntegracaoContinua.Csharp.Teste.CpfTypeTest" name="Compare_equal_as_object" />
    </UnitTest>
    <UnitTest name="IntegracaoContinua.Csharp.Teste.CpfTypeTest.Check_convertible_success(input: &quot;1&quot;, type: typeof(double), expectedSuccess: True)" storage="c:\projetos\integracaocontinua.csharp\test\bin\debug\net5.0\integracaocontinua.csharp.teste.dll" id="fb266118-a6a6-1821-44ce-04c60b9b9502">
      <Execution id="1e10b710-fc5d-40db-9780-4adb873fdcb3" />
      <TestMethod codeBase="C:\Projetos\IntegracaoContinua.Csharp\test\bin\Debug\net5.0\IntegracaoContinua.Csharp.Teste.dll" adapterTypeName="executor://xunit/VsTestRunner2/netcoreapp" className="IntegracaoContinua.Csharp.Teste.CpfTypeTest" name="Check_convertible_success" />
    </UnitTest>
    <UnitTest name="IntegracaoContinua.Csharp.Teste.CpfTypeTest.Check_convertible_success(input: &quot;1&quot;, type: typeof(decimal), expectedSuccess: True)" storage="c:\projetos\integracaocontinua.csharp\test\bin\debug\net5.0\integracaocontinua.csharp.teste.dll" id="8f32738c-6023-4986-f654-1a2473c6ba8b">
      <Execution id="09c43d1a-1074-4486-9ebb-8812dd7c40b4" />
      <TestMethod codeBase="C:\Projetos\IntegracaoContinua.Csharp\test\bin\Debug\net5.0\IntegracaoContinua.Csharp.Teste.dll" adapterTypeName="executor://xunit/VsTestRunner2/netcoreapp" className="IntegracaoContinua.Csharp.Teste.CpfTypeTest" name="Check_convertible_success" />
    </UnitTest>
    <UnitTest name="IntegracaoContinua.Csharp.Teste.CpfTypeTest.Check_parse_invalid(input: &quot;any text&quot;)" storage="c:\projetos\integracaocontinua.csharp\test\bin\debug\net5.0\integracaocontinua.csharp.teste.dll" id="b4ac4f98-103f-e7e7-382b-8f1aa9065d9a">
      <Execution id="aa719666-d90e-4458-85bd-2b2bf397c438" />
      <TestMethod codeBase="C:\Projetos\IntegracaoContinua.Csharp\test\bin\Debug\net5.0\IntegracaoContinua.Csharp.Teste.dll" adapterTypeName="executor://xunit/VsTestRunner2/netcoreapp" className="IntegracaoContinua.Csharp.Teste.CpfTypeTest" name="Check_parse_invalid" />
    </UnitTest>
    <UnitTest name="IntegracaoContinua.Csharp.Teste.CpfTypeTest.Check_explicit_to_cpf_is_valid(input: &quot;981.560.470-87&quot;, expected: &quot;981.560.470-87&quot;)" storage="c:\projetos\integracaocontinua.csharp\test\bin\debug\net5.0\integracaocontinua.csharp.teste.dll" id="de2f577e-23d1-7de5-7da7-cf73bd1b1288">
      <Execution id="97d260db-e370-46d8-85fe-baddd0ff7f15" />
      <TestMethod codeBase="C:\Projetos\IntegracaoContinua.Csharp\test\bin\Debug\net5.0\IntegracaoContinua.Csharp.Teste.dll" adapterTypeName="executor://xunit/VsTestRunner2/netcoreapp" className="IntegracaoContinua.Csharp.Teste.CpfTypeTest" name="Check_explicit_to_cpf_is_valid" />
    </UnitTest>
    <UnitTest name="IntegracaoContinua.Csharp.Teste.CpfTypeTest.Check_explicit_to_string_is_valid(input: &quot;981.560.470-87&quot;, expected: &quot;981.560.470-87&quot;)" storage="c:\projetos\integracaocontinua.csharp\test\bin\debug\net5.0\integracaocontinua.csharp.teste.dll" id="73e8ded6-760c-b2ce-d9ed-ab5a6071b38a">
      <Execution id="0551a2d7-3fa5-4b24-b7c1-5505353136b5" />
      <TestMethod codeBase="C:\Projetos\IntegracaoContinua.Csharp\test\bin\Debug\net5.0\IntegracaoContinua.Csharp.Teste.dll" adapterTypeName="executor://xunit/VsTestRunner2/netcoreapp" className="IntegracaoContinua.Csharp.Teste.CpfTypeTest" name="Check_explicit_to_string_is_valid" />
    </UnitTest>
    <UnitTest name="IntegracaoContinua.Csharp.Teste.CpfTypeTest.Check_parse_invalid(input: &quot;&quot;)" storage="c:\projetos\integracaocontinua.csharp\test\bin\debug\net5.0\integracaocontinua.csharp.teste.dll" id="703672c9-ee8d-3f85-5500-bd9618862eca">
      <Execution id="6ca20e93-98ee-4032-91a0-9a1922d096ad" />
      <TestMethod codeBase="C:\Projetos\IntegracaoContinua.Csharp\test\bin\Debug\net5.0\IntegracaoContinua.Csharp.Teste.dll" adapterTypeName="executor://xunit/VsTestRunner2/netcoreapp" className="IntegracaoContinua.Csharp.Teste.CpfTypeTest" name="Check_parse_invalid" />
    </UnitTest>
    <UnitTest name="IntegracaoContinua.Csharp.Teste.CpfTypeTest.Check_convertible_success(input: &quot;1&quot;, type: typeof(int), expectedSuccess: True)" storage="c:\projetos\integracaocontinua.csharp\test\bin\debug\net5.0\integracaocontinua.csharp.teste.dll" id="499a03fe-efeb-3219-17f1-5b9f42812898">
      <Execution id="fe178b4b-db87-41e1-a543-ac8eca42fc91" />
      <TestMethod codeBase="C:\Projetos\IntegracaoContinua.Csharp\test\bin\Debug\net5.0\IntegracaoContinua.Csharp.Teste.dll" adapterTypeName="executor://xunit/VsTestRunner2/netcoreapp" className="IntegracaoContinua.Csharp.Teste.CpfTypeTest" name="Check_convertible_success" />
    </UnitTest>
    <UnitTest name="IntegracaoContinua.Csharp.Teste.CpfTypeTest.Check_explicit_to_cpf_is_valid(input: &quot;98156047087&quot;, expected: &quot;981.560.470-87&quot;)" storage="c:\projetos\integracaocontinua.csharp\test\bin\debug\net5.0\integracaocontinua.csharp.teste.dll" id="e6831888-4f6b-4810-24ff-b98bedc636d8">
      <Execution id="86f01bb9-b08f-4da0-af94-14e95072ecc1" />
      <TestMethod codeBase="C:\Projetos\IntegracaoContinua.Csharp\test\bin\Debug\net5.0\IntegracaoContinua.Csharp.Teste.dll" adapterTypeName="executor://xunit/VsTestRunner2/netcoreapp" className="IntegracaoContinua.Csharp.Teste.CpfTypeTest" name="Check_explicit_to_cpf_is_valid" />
    </UnitTest>
    <UnitTest name="IntegracaoContinua.Csharp.Teste.CpfTypeTest.Check_convertible_success(input: &quot;n&quot;, type: typeof(char), expectedSuccess: True)" storage="c:\projetos\integracaocontinua.csharp\test\bin\debug\net5.0\integracaocontinua.csharp.teste.dll" id="a1e34be3-2daf-e74c-20e6-b13becab2fd3">
      <Execution id="6f971124-944e-43fd-8184-eea51e596483" />
      <TestMethod codeBase="C:\Projetos\IntegracaoContinua.Csharp\test\bin\Debug\net5.0\IntegracaoContinua.Csharp.Teste.dll" adapterTypeName="executor://xunit/VsTestRunner2/netcoreapp" className="IntegracaoContinua.Csharp.Teste.CpfTypeTest" name="Check_convertible_success" />
    </UnitTest>
    <UnitTest name="IntegracaoContinua.Csharp.Teste.CpfTypeTest.Check_format_is_invalid(input: &quot;153.179.966-00&quot;)" storage="c:\projetos\integracaocontinua.csharp\test\bin\debug\net5.0\integracaocontinua.csharp.teste.dll" id="38c9c92b-f1f7-4dae-3546-993b732bf406">
      <Execution id="59b0e405-af79-4a2a-b38e-71b616e9f422" />
      <TestMethod codeBase="C:\Projetos\IntegracaoContinua.Csharp\test\bin\Debug\net5.0\IntegracaoContinua.Csharp.Teste.dll" adapterTypeName="executor://xunit/VsTestRunner2/netcoreapp" className="IntegracaoContinua.Csharp.Teste.CpfTypeTest" name="Check_format_is_invalid" />
    </UnitTest>
    <UnitTest name="IntegracaoContinua.Csharp.Teste.CpfTypeTest.Compare_greater_than(input: &quot;253.179.966-35&quot;, compare: &quot;153.179.966-35&quot;, expected: True)" storage="c:\projetos\integracaocontinua.csharp\test\bin\debug\net5.0\integracaocontinua.csharp.teste.dll" id="5800e208-4b85-943b-a8f8-d2c6f70795e1">
      <Execution id="fea50262-6457-424e-bde1-fc6d3d07d6e2" />
      <TestMethod codeBase="C:\Projetos\IntegracaoContinua.Csharp\test\bin\Debug\net5.0\IntegracaoContinua.Csharp.Teste.dll" adapterTypeName="executor://xunit/VsTestRunner2/netcoreapp" className="IntegracaoContinua.Csharp.Teste.CpfTypeTest" name="Compare_greater_than" />
    </UnitTest>
    <UnitTest name="IntegracaoContinua.Csharp.Teste.CpfTypeTest.Check_to_string_format(input: &quot;153.179.966-35&quot;, format: &quot;n&quot;, expected: &quot;15317996635&quot;)" storage="c:\projetos\integracaocontinua.csharp\test\bin\debug\net5.0\integracaocontinua.csharp.teste.dll" id="6e805e5d-c669-0d1a-1eb7-41c8aa91858b">
      <Execution id="31ba2057-86ba-48a5-b48f-f594f5f57a79" />
      <TestMethod codeBase="C:\Projetos\IntegracaoContinua.Csharp\test\bin\Debug\net5.0\IntegracaoContinua.Csharp.Teste.dll" adapterTypeName="executor://xunit/VsTestRunner2/netcoreapp" className="IntegracaoContinua.Csharp.Teste.CpfTypeTest" name="Check_to_string_format" />
    </UnitTest>
    <UnitTest name="IntegracaoContinua.Csharp.Teste.CpfTypeTest.Check_convertible_success(input: &quot;1&quot;, type: typeof(long), expectedSuccess: True)" storage="c:\projetos\integracaocontinua.csharp\test\bin\debug\net5.0\integracaocontinua.csharp.teste.dll" id="e9e55742-bd70-e2ce-7c70-2ee6a979b1c5">
      <Execution id="9f33820e-6c3f-4bc5-894d-ceb538d998bc" />
      <TestMethod codeBase="C:\Projetos\IntegracaoContinua.Csharp\test\bin\Debug\net5.0\IntegracaoContinua.Csharp.Teste.dll" adapterTypeName="executor://xunit/VsTestRunner2/netcoreapp" className="IntegracaoContinua.Csharp.Teste.CpfTypeTest" name="Check_convertible_success" />
    </UnitTest>
    <UnitTest name="IntegracaoContinua.Csharp.Teste.CpfTypeTest.Check_convertible_success(input: &quot;153.179.966-35&quot;, type: typeof(bool), expectedSuccess: False)" storage="c:\projetos\integracaocontinua.csharp\test\bin\debug\net5.0\integracaocontinua.csharp.teste.dll" id="2cf1d748-0e98-6d22-4b02-f5b11afd4989">
      <Execution id="3576b27f-48b0-4011-a728-80f5edb94a90" />
      <TestMethod codeBase="C:\Projetos\IntegracaoContinua.Csharp\test\bin\Debug\net5.0\IntegracaoContinua.Csharp.Teste.dll" adapterTypeName="executor://xunit/VsTestRunner2/netcoreapp" className="IntegracaoContinua.Csharp.Teste.CpfTypeTest" name="Check_convertible_success" />
    </UnitTest>
    <UnitTest name="IntegracaoContinua.Csharp.Teste.CpfTypeTest.Compare_get_hash_code(input: &quot;153.179.966-35&quot;, compare: &quot;15317996635&quot;, expected: True)" storage="c:\projetos\integracaocontinua.csharp\test\bin\debug\net5.0\integracaocontinua.csharp.teste.dll" id="47d016a8-118f-0df5-d994-02b9de3b8170">
      <Execution id="6eaa1dfa-f299-47f2-8785-4b721f54900c" />
      <TestMethod codeBase="C:\Projetos\IntegracaoContinua.Csharp\test\bin\Debug\net5.0\IntegracaoContinua.Csharp.Teste.dll" adapterTypeName="executor://xunit/VsTestRunner2/netcoreapp" className="IntegracaoContinua.Csharp.Teste.CpfTypeTest" name="Compare_get_hash_code" />
    </UnitTest>
    <UnitTest name="IntegracaoContinua.Csharp.Teste.CpfTypeTest.Compare_equal(input: &quot;153.179.966-35&quot;, compare: &quot;15317996635&quot;, expected: True)" storage="c:\projetos\integracaocontinua.csharp\test\bin\debug\net5.0\integracaocontinua.csharp.teste.dll" id="968fabc5-43f5-7941-5146-c0839ab6f359">
      <Execution id="9f91716d-aebb-48fb-b542-03f7d1026cb1" />
      <TestMethod codeBase="C:\Projetos\IntegracaoContinua.Csharp\test\bin\Debug\net5.0\IntegracaoContinua.Csharp.Teste.dll" adapterTypeName="executor://xunit/VsTestRunner2/netcoreapp" className="IntegracaoContinua.Csharp.Teste.CpfTypeTest" name="Compare_equal" />
    </UnitTest>
    <UnitTest name="IntegracaoContinua.Csharp.Teste.CpfTypeTest.Check_convertible_success(input: &quot;1&quot;, type: typeof(sbyte), expectedSuccess: True)" storage="c:\projetos\integracaocontinua.csharp\test\bin\debug\net5.0\integracaocontinua.csharp.teste.dll" id="b106aa5d-b9ab-7d9b-e8f6-923e510c9a36">
      <Execution id="c19212d5-6f9f-49b8-a7e3-11747528e614" />
      <TestMethod codeBase="C:\Projetos\IntegracaoContinua.Csharp\test\bin\Debug\net5.0\IntegracaoContinua.Csharp.Teste.dll" adapterTypeName="executor://xunit/VsTestRunner2/netcoreapp" className="IntegracaoContinua.Csharp.Teste.CpfTypeTest" name="Check_convertible_success" />
    </UnitTest>
    <UnitTest name="IntegracaoContinua.Csharp.Teste.CpfTypeTest.Check_parse_valid(input: &quot;15317996635&quot;)" storage="c:\projetos\integracaocontinua.csharp\test\bin\debug\net5.0\integracaocontinua.csharp.teste.dll" id="80ff36be-0621-86a3-455f-8777eb513f7e">
      <Execution id="d6518309-f4d1-4f01-8821-10338d39deff" />
      <TestMethod codeBase="C:\Projetos\IntegracaoContinua.Csharp\test\bin\Debug\net5.0\IntegracaoContinua.Csharp.Teste.dll" adapterTypeName="executor://xunit/VsTestRunner2/netcoreapp" className="IntegracaoContinua.Csharp.Teste.CpfTypeTest" name="Check_parse_valid" />
    </UnitTest>
    <UnitTest name="IntegracaoContinua.Csharp.Teste.CpfTypeTest.Check_format_is_invalid(input: &quot;000.000.000-12&quot;)" storage="c:\projetos\integracaocontinua.csharp\test\bin\debug\net5.0\integracaocontinua.csharp.teste.dll" id="f25f0a55-0634-cd57-2be2-cdce662772d0">
      <Execution id="4df0fcef-6100-4788-8bb9-3ee3396eca38" />
      <TestMethod codeBase="C:\Projetos\IntegracaoContinua.Csharp\test\bin\Debug\net5.0\IntegracaoContinua.Csharp.Teste.dll" adapterTypeName="executor://xunit/VsTestRunner2/netcoreapp" className="IntegracaoContinua.Csharp.Teste.CpfTypeTest" name="Check_format_is_invalid" />
    </UnitTest>
    <UnitTest name="IntegracaoContinua.Csharp.Teste.CpfTypeTest.Check_parse_invalid(input: null)" storage="c:\projetos\integracaocontinua.csharp\test\bin\debug\net5.0\integracaocontinua.csharp.teste.dll" id="5818ecf5-758d-efc6-b2a8-6bd01a493e97">
      <Execution id="07b67a79-ceb4-4e17-8bd4-4d1bb941c17f" />
      <TestMethod codeBase="C:\Projetos\IntegracaoContinua.Csharp\test\bin\Debug\net5.0\IntegracaoContinua.Csharp.Teste.dll" adapterTypeName="executor://xunit/VsTestRunner2/netcoreapp" className="IntegracaoContinua.Csharp.Teste.CpfTypeTest" name="Check_parse_invalid" />
    </UnitTest>
    <UnitTest name="IntegracaoContinua.Csharp.Teste.CpfTypeTest.Check_get_type_code_has_string" storage="c:\projetos\integracaocontinua.csharp\test\bin\debug\net5.0\integracaocontinua.csharp.teste.dll" id="b41653d3-656b-a88a-bd4b-3b23fd8a3e34">
      <Execution id="0734c6b0-b71c-4141-b3b3-f322de985ec2" />
      <TestMethod codeBase="C:\Projetos\IntegracaoContinua.Csharp\test\bin\Debug\net5.0\IntegracaoContinua.Csharp.Teste.dll" adapterTypeName="executor://xunit/VsTestRunner2/netcoreapp" className="IntegracaoContinua.Csharp.Teste.CpfTypeTest" name="Check_get_type_code_has_string" />
    </UnitTest>
    <UnitTest name="IntegracaoContinua.Csharp.Teste.CpfTypeTest.Check_convertible_success(input: &quot;153.179.966-35&quot;, type: typeof(long), expectedSuccess: False)" storage="c:\projetos\integracaocontinua.csharp\test\bin\debug\net5.0\integracaocontinua.csharp.teste.dll" id="4f400496-4920-19e0-c571-9f06211b86ed">
      <Execution id="8ab6643d-bd63-432c-9355-c848b6ea61f6" />
      <TestMethod codeBase="C:\Projetos\IntegracaoContinua.Csharp\test\bin\Debug\net5.0\IntegracaoContinua.Csharp.Teste.dll" adapterTypeName="executor://xunit/VsTestRunner2/netcoreapp" className="IntegracaoContinua.Csharp.Teste.CpfTypeTest" name="Check_convertible_success" />
    </UnitTest>
    <UnitTest name="IntegracaoContinua.Csharp.Teste.CpfTypeTest.Check_format_is_invalid(input: &quot;15317996600&quot;)" storage="c:\projetos\integracaocontinua.csharp\test\bin\debug\net5.0\integracaocontinua.csharp.teste.dll" id="0c93023a-f932-9f7b-ab01-4734b2538b51">
      <Execution id="83a32ea8-fe39-414e-b5c7-1c93698b29a8" />
      <TestMethod codeBase="C:\Projetos\IntegracaoContinua.Csharp\test\bin\Debug\net5.0\IntegracaoContinua.Csharp.Teste.dll" adapterTypeName="executor://xunit/VsTestRunner2/netcoreapp" className="IntegracaoContinua.Csharp.Teste.CpfTypeTest" name="Check_format_is_invalid" />
    </UnitTest>
  </TestDefinitions>
  <TestEntries>
    <TestEntry testId="e6831888-4f6b-4810-24ff-b98bedc636d8" executionId="86f01bb9-b08f-4da0-af94-14e95072ecc1" testListId="8c84fa94-04c1-424b-9868-57a2d4851a1d" />
    <TestEntry testId="cfcad5c9-0a67-2c74-03c2-1cd052ff2c1c" executionId="29219981-6f7a-4433-b1ca-a4f416a81152" testListId="8c84fa94-04c1-424b-9868-57a2d4851a1d" />
    <TestEntry testId="93baddd9-dc7f-8c05-666b-f22985f3d08c" executionId="33e73f40-626c-4d4d-a146-48ddb4e6bb91" testListId="8c84fa94-04c1-424b-9868-57a2d4851a1d" />
    <TestEntry testId="65a7b585-fe82-bfec-0595-1aed342f7c92" executionId="86cf45d4-4cff-40e6-bcb9-4ee039ca64ab" testListId="8c84fa94-04c1-424b-9868-57a2d4851a1d" />
    <TestEntry testId="f25f0a55-0634-cd57-2be2-cdce662772d0" executionId="4df0fcef-6100-4788-8bb9-3ee3396eca38" testListId="8c84fa94-04c1-424b-9868-57a2d4851a1d" />
    <TestEntry testId="47d016a8-118f-0df5-d994-02b9de3b8170" executionId="6eaa1dfa-f299-47f2-8785-4b721f54900c" testListId="8c84fa94-04c1-424b-9868-57a2d4851a1d" />
    <TestEntry testId="b4ac4f98-103f-e7e7-382b-8f1aa9065d9a" executionId="aa719666-d90e-4458-85bd-2b2bf397c438" testListId="8c84fa94-04c1-424b-9868-57a2d4851a1d" />
    <TestEntry testId="6e805e5d-c669-0d1a-1eb7-41c8aa91858b" executionId="31ba2057-86ba-48a5-b48f-f594f5f57a79" testListId="8c84fa94-04c1-424b-9868-57a2d4851a1d" />
    <TestEntry testId="b106aa5d-b9ab-7d9b-e8f6-923e510c9a36" executionId="c19212d5-6f9f-49b8-a7e3-11747528e614" testListId="8c84fa94-04c1-424b-9868-57a2d4851a1d" />
    <TestEntry testId="550cd95a-312c-c0d5-e8d9-bba046469958" executionId="af52f5f0-c30e-4a0d-bf9c-fce74bed1f00" testListId="8c84fa94-04c1-424b-9868-57a2d4851a1d" />
    <TestEntry testId="d017d951-8639-89ec-ae2d-4449522422cc" executionId="8d25d886-dd89-47f9-b2e7-36ff3fe8eaea" testListId="8c84fa94-04c1-424b-9868-57a2d4851a1d" />
    <TestEntry testId="80ff36be-0621-86a3-455f-8777eb513f7e" executionId="d6518309-f4d1-4f01-8821-10338d39deff" testListId="8c84fa94-04c1-424b-9868-57a2d4851a1d" />
    <TestEntry testId="b59230ca-d7ab-6502-ac78-73017c2a2478" executionId="58068076-f5a5-4ffb-a14a-8c4546c6d7f7" testListId="8c84fa94-04c1-424b-9868-57a2d4851a1d" />
    <TestEntry testId="8aa586a2-32b5-d3c2-02b4-460dfa7234aa" executionId="60d2feff-23fe-4b53-be4f-aad188cda46f" testListId="8c84fa94-04c1-424b-9868-57a2d4851a1d" />
    <TestEntry testId="5800e208-4b85-943b-a8f8-d2c6f70795e1" executionId="fea50262-6457-424e-bde1-fc6d3d07d6e2" testListId="8c84fa94-04c1-424b-9868-57a2d4851a1d" />
    <TestEntry testId="cbb28ff7-30ad-9e92-a43b-b7999f1bb4cd" executionId="697ca3c3-625d-43a2-824f-dcfd2abaaf64" testListId="8c84fa94-04c1-424b-9868-57a2d4851a1d" />
    <TestEntry testId="e9e55742-bd70-e2ce-7c70-2ee6a979b1c5" executionId="9f33820e-6c3f-4bc5-894d-ceb538d998bc" testListId="8c84fa94-04c1-424b-9868-57a2d4851a1d" />
    <TestEntry testId="38c9c92b-f1f7-4dae-3546-993b732bf406" executionId="59b0e405-af79-4a2a-b38e-71b616e9f422" testListId="8c84fa94-04c1-424b-9868-57a2d4851a1d" />
    <TestEntry testId="8f32738c-6023-4986-f654-1a2473c6ba8b" executionId="09c43d1a-1074-4486-9ebb-8812dd7c40b4" testListId="8c84fa94-04c1-424b-9868-57a2d4851a1d" />
    <TestEntry testId="0b07877f-2137-afec-ea48-d601488cbe87" executionId="5d564d58-a924-47fa-98da-b5d768bab43b" testListId="8c84fa94-04c1-424b-9868-57a2d4851a1d" />
    <TestEntry testId="4f400496-4920-19e0-c571-9f06211b86ed" executionId="8ab6643d-bd63-432c-9355-c848b6ea61f6" testListId="8c84fa94-04c1-424b-9868-57a2d4851a1d" />
    <TestEntry testId="926b5bb0-5edd-5725-f455-452b68791b37" executionId="d1f4f004-479f-4feb-9001-f3151721b0cc" testListId="8c84fa94-04c1-424b-9868-57a2d4851a1d" />
    <TestEntry testId="7b09966f-6e62-7d86-db09-c82754960e89" executionId="27a7bc68-cb4c-4226-93fd-7adf6fca5fb7" testListId="8c84fa94-04c1-424b-9868-57a2d4851a1d" />
    <TestEntry testId="2586f983-57ad-e9a5-81d5-5040f3bd4f22" executionId="01ab3721-ef7e-44fb-b59b-9fe48cc0af3e" testListId="8c84fa94-04c1-424b-9868-57a2d4851a1d" />
    <TestEntry testId="d3b790c0-acfb-a19d-e52b-ca519d71edce" executionId="607ccdf0-e258-4198-9196-a8feda2d610b" testListId="8c84fa94-04c1-424b-9868-57a2d4851a1d" />
    <TestEntry testId="c0fbd791-0694-2019-d703-69834b89e84a" executionId="366899dc-2640-44bf-8b1f-1654f727f8e2" testListId="8c84fa94-04c1-424b-9868-57a2d4851a1d" />
    <TestEntry testId="499a03fe-efeb-3219-17f1-5b9f42812898" executionId="fe178b4b-db87-41e1-a543-ac8eca42fc91" testListId="8c84fa94-04c1-424b-9868-57a2d4851a1d" />
    <TestEntry testId="6a3de626-b641-6d4b-9d21-9d69e4b855ab" executionId="3ef63f9b-5f92-4c37-9dd2-3ef25489ceb0" testListId="8c84fa94-04c1-424b-9868-57a2d4851a1d" />
    <TestEntry testId="e9aaeea9-a0d6-6af5-5b63-64eb69f1f023" executionId="8afa71e1-d5cd-4688-bda9-80390d029b6e" testListId="8c84fa94-04c1-424b-9868-57a2d4851a1d" />
    <TestEntry testId="0c93023a-f932-9f7b-ab01-4734b2538b51" executionId="83a32ea8-fe39-414e-b5c7-1c93698b29a8" testListId="8c84fa94-04c1-424b-9868-57a2d4851a1d" />
    <TestEntry testId="a1e34be3-2daf-e74c-20e6-b13becab2fd3" executionId="6f971124-944e-43fd-8184-eea51e596483" testListId="8c84fa94-04c1-424b-9868-57a2d4851a1d" />
    <TestEntry testId="fb266118-a6a6-1821-44ce-04c60b9b9502" executionId="1e10b710-fc5d-40db-9780-4adb873fdcb3" testListId="8c84fa94-04c1-424b-9868-57a2d4851a1d" />
    <TestEntry testId="95306fed-f98b-3a3b-be18-20e77308617b" executionId="4af95aec-df6e-438b-a0d7-fc4a2907ea62" testListId="8c84fa94-04c1-424b-9868-57a2d4851a1d" />
    <TestEntry testId="1e6f0f84-6399-96a3-9daf-47d77d592e92" executionId="87c7dcbd-6b05-4ad6-9f33-4c0f476d2ae9" testListId="8c84fa94-04c1-424b-9868-57a2d4851a1d" />
    <TestEntry testId="5818ecf5-758d-efc6-b2a8-6bd01a493e97" executionId="07b67a79-ceb4-4e17-8bd4-4d1bb941c17f" testListId="8c84fa94-04c1-424b-9868-57a2d4851a1d" />
    <TestEntry testId="f916675e-bb1f-4f05-96ae-80efc4782dbd" executionId="e4cffb36-0fcc-4097-9d17-1d69ffbf3768" testListId="8c84fa94-04c1-424b-9868-57a2d4851a1d" />
    <TestEntry testId="73e8ded6-760c-b2ce-d9ed-ab5a6071b38a" executionId="0551a2d7-3fa5-4b24-b7c1-5505353136b5" testListId="8c84fa94-04c1-424b-9868-57a2d4851a1d" />
    <TestEntry testId="fec4200d-6af2-5672-a046-f5feb638aece" executionId="17ba8232-ac7e-46eb-b702-c011ae319055" testListId="8c84fa94-04c1-424b-9868-57a2d4851a1d" />
    <TestEntry testId="861a048f-4cda-b2f6-7665-31b8bc9da3b7" executionId="5e8849dd-9070-412f-a7cd-2ec91d835a59" testListId="8c84fa94-04c1-424b-9868-57a2d4851a1d" />
    <TestEntry testId="e9c1193a-1a50-e393-d749-56dcf2eecb61" executionId="31302ecf-d592-4c9f-b519-c817163ce71e" testListId="8c84fa94-04c1-424b-9868-57a2d4851a1d" />
    <TestEntry testId="fe79c662-5455-f60d-ae08-8cddace1d399" executionId="c0e527d4-988b-4096-aa22-a0f0bcecfde9" testListId="8c84fa94-04c1-424b-9868-57a2d4851a1d" />
    <TestEntry testId="523d7517-e5e7-6407-1b9a-e23331f8c6de" executionId="39d506d4-324e-492b-ad73-fbf18fb20fcc" testListId="8c84fa94-04c1-424b-9868-57a2d4851a1d" />
    <TestEntry testId="620d9562-67eb-dd75-d5f2-5be915c7fca6" executionId="d39ac75e-476f-4beb-a0c0-a42585f78fa4" testListId="8c84fa94-04c1-424b-9868-57a2d4851a1d" />
    <TestEntry testId="56ab685c-2120-2411-94cd-8398976bddc8" executionId="e517ea92-7b51-4b71-9a91-e8b89ccc603b" testListId="8c84fa94-04c1-424b-9868-57a2d4851a1d" />
    <TestEntry testId="ce1785ab-4ad5-d1fd-d16d-39081a04afc9" executionId="5343bf01-e34a-4174-a97d-0603845edf42" testListId="8c84fa94-04c1-424b-9868-57a2d4851a1d" />
    <TestEntry testId="ca59c394-1e48-9eab-9c1e-7c5e13640bfa" executionId="c8ffb4fb-b27d-4299-920e-ecb12908177f" testListId="8c84fa94-04c1-424b-9868-57a2d4851a1d" />
    <TestEntry testId="ee434496-4a0b-2200-5f87-c158ed8cc6e4" executionId="d7575456-e4a6-4e1e-8c28-5f19098ea3c8" testListId="8c84fa94-04c1-424b-9868-57a2d4851a1d" />
    <TestEntry testId="968fabc5-43f5-7941-5146-c0839ab6f359" executionId="9f91716d-aebb-48fb-b542-03f7d1026cb1" testListId="8c84fa94-04c1-424b-9868-57a2d4851a1d" />
    <TestEntry testId="d56b46ba-16d4-8ae7-a5db-b0b4409e184d" executionId="c18ba9b2-4996-45cd-963d-496a93c11119" testListId="8c84fa94-04c1-424b-9868-57a2d4851a1d" />
    <TestEntry testId="893a0243-2e3d-e4bc-d916-b909425fa45f" executionId="a89bc899-a97d-4e16-92e2-2ad2405dfd13" testListId="8c84fa94-04c1-424b-9868-57a2d4851a1d" />
    <TestEntry testId="de2f577e-23d1-7de5-7da7-cf73bd1b1288" executionId="97d260db-e370-46d8-85fe-baddd0ff7f15" testListId="8c84fa94-04c1-424b-9868-57a2d4851a1d" />
    <TestEntry testId="703672c9-ee8d-3f85-5500-bd9618862eca" executionId="6ca20e93-98ee-4032-91a0-9a1922d096ad" testListId="8c84fa94-04c1-424b-9868-57a2d4851a1d" />
    <TestEntry testId="0cfe4909-93c1-0e6f-6357-8c6c009bcb23" executionId="7d244583-6304-4fc1-b812-61447ec8d293" testListId="8c84fa94-04c1-424b-9868-57a2d4851a1d" />
    <TestEntry testId="b41653d3-656b-a88a-bd4b-3b23fd8a3e34" executionId="0734c6b0-b71c-4141-b3b3-f322de985ec2" testListId="8c84fa94-04c1-424b-9868-57a2d4851a1d" />
    <TestEntry testId="fa5ddc22-84c6-8a21-6b26-6e100a760ae1" executionId="4f054e2b-0741-4329-9570-af200eec6f4c" testListId="8c84fa94-04c1-424b-9868-57a2d4851a1d" />
    <TestEntry testId="2cf1d748-0e98-6d22-4b02-f5b11afd4989" executionId="3576b27f-48b0-4011-a728-80f5edb94a90" testListId="8c84fa94-04c1-424b-9868-57a2d4851a1d" />
    <TestEntry testId="704555fe-23bc-0112-7b03-3bd4593604b6" executionId="302c2bc6-6d25-4023-8317-1ec543e4c533" testListId="8c84fa94-04c1-424b-9868-57a2d4851a1d" />
    <TestEntry testId="b00117b6-1580-da6e-2e2f-fdd54a95df6a" executionId="fed49a2b-fac6-4855-9d46-c4f7f717d5da" testListId="8c84fa94-04c1-424b-9868-57a2d4851a1d" />
    <TestEntry testId="df1f5f15-fa87-e48b-6ccf-dbcf8695bedf" executionId="c8512876-7488-4e46-92b4-f4990e7dc50b" testListId="8c84fa94-04c1-424b-9868-57a2d4851a1d" />
    <TestEntry testId="1d78c012-84c5-d3c2-55d1-9c5dc89a52db" executionId="be428ca8-6a90-424d-8365-d3742d35eb90" testListId="8c84fa94-04c1-424b-9868-57a2d4851a1d" />
    <TestEntry testId="fdecede1-f018-e708-81ca-a780f351ad68" executionId="c3f4adaa-38bf-46e0-a19d-87049389e14a" testListId="8c84fa94-04c1-424b-9868-57a2d4851a1d" />
    <TestEntry testId="e7ecf142-6678-5675-0bee-2b6b5aae3bbd" executionId="d0ad6631-25c3-4c79-b6a6-c40fd9545760" testListId="8c84fa94-04c1-424b-9868-57a2d4851a1d" />
    <TestEntry testId="66358c41-3e7d-3334-15d3-424874f0936b" executionId="9f915052-536c-4d25-91bf-1b7fd72146b0" testListId="8c84fa94-04c1-424b-9868-57a2d4851a1d" />
    <TestEntry testId="1e689117-4905-2e0d-f14b-f1a0ead8d04e" executionId="7ff16492-c180-4047-88d2-27ae16df40c8" testListId="8c84fa94-04c1-424b-9868-57a2d4851a1d" />
    <TestEntry testId="03ce0c27-009c-9b95-f7f2-3706319fa346" executionId="09629fb2-1041-4042-b09c-49aed1d43408" testListId="8c84fa94-04c1-424b-9868-57a2d4851a1d" />
    <TestEntry testId="fb4e0beb-aea0-3891-2270-18dac6d1aa9b" executionId="84c54eba-cf2b-4d1b-8305-c2038c01c245" testListId="8c84fa94-04c1-424b-9868-57a2d4851a1d" />
    <TestEntry testId="b93a9a05-7497-dce5-eb40-04ff1b90fd84" executionId="c1b5f736-2b92-4b9c-ac2d-ec721f305dbc" testListId="8c84fa94-04c1-424b-9868-57a2d4851a1d" />
  </TestEntries>
  <TestLists>
    <TestList name="Resultados que não estão em uma lista" id="8c84fa94-04c1-424b-9868-57a2d4851a1d" />
    <TestList name="Todos os resultados carregados" id="19431567-8539-422a-85d7-44ee4e166bda" />
  </TestLists>
  <ResultSummary outcome="Failed">
    <Counters total="67" executed="67" passed="66" failed="1" error="0" timeout="0" aborted="0" inconclusive="0" passedButRunAborted="0" notRunnable="0" notExecuted="0" disconnected="0" warning="0" completed="0" inProgress="0" pending="0" />
    <Output>
      <StdOut>[xUnit.net 00:00:00.00] xUnit.net VSTest Adapter v2.4.3+1b45f5407b (64-bit .NET 5.0.13)&#xD;
[xUnit.net 00:00:00.88]   Discovering: IntegracaoContinua.Csharp.Teste&#xD;
[xUnit.net 00:00:01.05]   Discovered:  IntegracaoContinua.Csharp.Teste&#xD;
[xUnit.net 00:00:01.06]   Starting:    IntegracaoContinua.Csharp.Teste&#xD;
[xUnit.net 00:00:01.34]       Assert.Throws() Failure&#xD;
[xUnit.net 00:00:01.34]       Expected: typeof(System.FormatException)&#xD;
[xUnit.net 00:00:01.34]       Actual:   (No exception was thrown)&#xD;
[xUnit.net 00:00:01.34]       Stack Trace:&#xD;
[xUnit.net 00:00:01.35]         C:\Projetos\IntegracaoContinua.Csharp\test\CpfTypeTest.cs(201,0): at IntegracaoContinua.Csharp.Teste.CpfTypeTest.Check_convertible_success(String input, Type type, Boolean expectedSuccess)&#xD;
[xUnit.net 00:00:01.42]   Finished:    IntegracaoContinua.Csharp.Teste&#xD;
</StdOut>
    </Output>
    <RunInfos>
      <RunInfo computerName="SILVER" outcome="Error" timestamp="2022-02-06T11:00:14.7479899-03:00">
        <Text>[xUnit.net 00:00:01.34]     IntegracaoContinua.Csharp.Teste.CpfTypeTest.Check_convertible_success(input: "2021-01-01", type: typeof(System.DateTime), expectedSuccess: False) [FAIL]</Text>
      </RunInfo>
    </RunInfos>
    <CollectorDataEntries>
      <Collector agentName="SILVER" uri="datacollector://microsoft/CoverletCodeCoverage/1.0" collectorDisplayName="XPlat code coverage">
        <UriAttachments>
          <UriAttachment>
            <A href="SILVER\coverage.cobertura.xml"></A>
          </UriAttachment>
        </UriAttachments>
      </Collector>
    </CollectorDataEntries>
  </ResultSummary>
</TestRun>